Archive member included because of file (symbol)

/home/marko/Programming/QNX_SDP/ide-5.0-workspace/ti-am335x-beaglebone-SDP6.6/src/hardware/startup/lib/arm/a.le.v7/libstartup.a(_main.o)
                              main.o (shdr)
/home/marko/Programming/QNX_SDP/ide-5.0-workspace/ti-am335x-beaglebone-SDP6.6/src/hardware/startup/lib/arm/a.le.v7/libstartup.a(add_interrupt.o)
                              init_intrinfo.o (add_interrupt_array)
/home/marko/Programming/QNX_SDP/ide-5.0-workspace/ti-am335x-beaglebone-SDP6.6/src/hardware/startup/lib/arm/a.le.v7/libstartup.a(alloc_qtime.o)
                              init_qtime_am335x.o (alloc_qtime)
/home/marko/Programming/QNX_SDP/ide-5.0-workspace/ti-am335x-beaglebone-SDP6.6/src/hardware/startup/lib/arm/a.le.v7/libstartup.a(board_init.o)
                              /home/marko/Programming/QNX_SDP/ide-5.0-workspace/ti-am335x-beaglebone-SDP6.6/src/hardware/startup/lib/arm/a.le.v7/libstartup.a(_main.o) (board_init)
/home/marko/Programming/QNX_SDP/ide-5.0-workspace/ti-am335x-beaglebone-SDP6.6/src/hardware/startup/lib/arm/a.le.v7/libstartup.a(callout_debug_8250.o)
                              main.o (display_char_8250)
/home/marko/Programming/QNX_SDP/ide-5.0-workspace/ti-am335x-beaglebone-SDP6.6/src/hardware/startup/lib/arm/a.le.v7/libstartup.a(callouts.o)
                              /home/marko/Programming/QNX_SDP/ide-5.0-workspace/ti-am335x-beaglebone-SDP6.6/src/hardware/startup/lib/arm/a.le.v7/libstartup.a(add_interrupt.o) (callout_output_one)
/home/marko/Programming/QNX_SDP/ide-5.0-workspace/ti-am335x-beaglebone-SDP6.6/src/hardware/startup/lib/arm/a.le.v7/libstartup.a(common_options.o)
                              main.o (handle_common_option)
/home/marko/Programming/QNX_SDP/ide-5.0-workspace/ti-am335x-beaglebone-SDP6.6/src/hardware/startup/lib/arm/a.le.v7/libstartup.a(cpu_common_options.o)
                              /home/marko/Programming/QNX_SDP/ide-5.0-workspace/ti-am335x-beaglebone-SDP6.6/src/hardware/startup/lib/arm/a.le.v7/libstartup.a(common_options.o) (cpu_handle_common_option)
/home/marko/Programming/QNX_SDP/ide-5.0-workspace/ti-am335x-beaglebone-SDP6.6/src/hardware/startup/lib/arm/a.le.v7/libstartup.a(cpu_startup.o)
                              /home/marko/Programming/QNX_SDP/ide-5.0-workspace/ti-am335x-beaglebone-SDP6.6/src/hardware/startup/lib/arm/a.le.v7/libstartup.a(_main.o) (cpu_startup)
/home/marko/Programming/QNX_SDP/ide-5.0-workspace/ti-am335x-beaglebone-SDP6.6/src/hardware/startup/lib/arm/a.le.v7/libstartup.a(cstart.o)
                              /home/marko/Programming/QNX_SDP/ide-5.0-workspace/ti-am335x-beaglebone-SDP6.6/src/hardware/startup/lib/arm/a.le.v7/libstartup.a(_main.o) (boot_args)
/home/marko/Programming/QNX_SDP/ide-5.0-workspace/ti-am335x-beaglebone-SDP6.6/src/hardware/startup/lib/arm/a.le.v7/libstartup.a(debug.o)
                              main.o (print_syspage)
/home/marko/Programming/QNX_SDP/ide-5.0-workspace/ti-am335x-beaglebone-SDP6.6/src/hardware/startup/lib/arm/a.le.v7/libstartup.a(getopt.o)
                              main.o (getopt)
/home/marko/Programming/QNX_SDP/ide-5.0-workspace/ti-am335x-beaglebone-SDP6.6/src/hardware/startup/lib/arm/a.le.v7/libstartup.a(getsize.o)
                              /home/marko/Programming/QNX_SDP/ide-5.0-workspace/ti-am335x-beaglebone-SDP6.6/src/hardware/startup/lib/arm/a.le.v7/libstartup.a(common_options.o) (getsize)
/home/marko/Programming/QNX_SDP/ide-5.0-workspace/ti-am335x-beaglebone-SDP6.6/src/hardware/startup/lib/arm/a.le.v7/libstartup.a(hw_rtc_dm816x.o)
                              rtc_time.o (rtc_time_dm816x)
/home/marko/Programming/QNX_SDP/ide-5.0-workspace/ti-am335x-beaglebone-SDP6.6/src/hardware/startup/lib/arm/a.le.v7/libstartup.a(hw_seromap.o)
                              main.o (init_omap)
/home/marko/Programming/QNX_SDP/ide-5.0-workspace/ti-am335x-beaglebone-SDP6.6/src/hardware/startup/lib/arm/a.le.v7/libstartup.a(hwi_add_rtc.o)
                              /home/marko/Programming/QNX_SDP/ide-5.0-workspace/ti-am335x-beaglebone-SDP6.6/src/hardware/startup/lib/arm/a.le.v7/libstartup.a(hw_rtc_dm816x.o) (hwi_add_rtc)
/home/marko/Programming/QNX_SDP/ide-5.0-workspace/ti-am335x-beaglebone-SDP6.6/src/hardware/startup/lib/arm/a.le.v7/libstartup.a(hwi_alloc.o)
                              /home/marko/Programming/QNX_SDP/ide-5.0-workspace/ti-am335x-beaglebone-SDP6.6/src/hardware/startup/lib/arm/a.le.v7/libstartup.a(hwi_add_rtc.o) (hwi_alloc_tag)
/home/marko/Programming/QNX_SDP/ide-5.0-workspace/ti-am335x-beaglebone-SDP6.6/src/hardware/startup/lib/arm/a.le.v7/libstartup.a(hwi_find_as.o)
                              /home/marko/Programming/QNX_SDP/ide-5.0-workspace/ti-am335x-beaglebone-SDP6.6/src/hardware/startup/lib/arm/a.le.v7/libstartup.a(hwi_add_rtc.o) (hwi_find_as)
/home/marko/Programming/QNX_SDP/ide-5.0-workspace/ti-am335x-beaglebone-SDP6.6/src/hardware/startup/lib/arm/a.le.v7/libstartup.a(init_cacheattr.o)
[...]
Memory Configuration

Name             Origin             Length             Attributes
*default*        0x00000000         0xffffffff

Linker script and memory map

LOAD callout_interrupt_am335x.o
LOAD callout_interrupt_am335x_gpio.o
LOAD callout_interrupt_edma.o
LOAD callout_reboot_am335x.o
LOAD callout_timer_am335x.o
LOAD detectid-bone.o
LOAD init_asinfo.o
LOAD init_clocks.o
LOAD init_edma.o
LOAD init_hwinfo.o
LOAD init_intrinfo.o
LOAD init_pinmux.o
LOAD init_qtime_am335x.o
LOAD init_raminfo.o
LOAD init_wdt.o
LOAD main.o
LOAD rtc_time.o
LOAD /home/marko/Programming/QNX_SDP/ide-5.0-workspace/ti-am335x-beaglebone-SDP6.6/src/hardware/startup/lib/arm/a.le.v7/libstartup.a
LOAD /home/marko/Programming/QNX_SDP/qnx660/target/qnx6/armle-v7/usr/lib/liblzo.a
LOAD /home/marko/Programming/QNX_SDP/qnx660/target/qnx6/armle-v7/usr/lib/libucl.a
LOAD /home/marko/Programming/QNX_SDP/qnx660/target/qnx6/armle-v7/usr/lib/libdrvr.a
LOAD /home/marko/Programming/QNX_SDP/qnx660/host/linux/x86/usr/lib/gcc/arm-unknown-nto-qnx6.6.0eabi/4.7.3//libgcc.a
LOAD /home/marko/Programming/QNX_SDP/qnx660/target/qnx6/armle-v7/lib/libc.a
LOAD /home/marko/Programming/QNX_SDP/qnx660/target/qnx6/armle-v7/lib/libc.a
LOAD /home/marko/Programming/QNX_SDP/qnx660/host/linux/x86/usr/lib/gcc/arm-unknown-nto-qnx6.6.0eabi/4.7.3//libgcc.a

.interp
 *(.interp)

.note.gnu.build-id
                0x00000000       0x20
 *(.note.gnu.build-id)
 .note.gnu.build-id
                0x00000000       0x20 linker stubs

.hash
 *(.hash)

.gnu.hash
 *(.gnu.hash)

.dynsym
 *(.dynsym)

.dynstr
 *(.dynstr)

.gnu.version
 *(.gnu.version)

.gnu.version_d
 *(.gnu.version_d)

.gnu.version_r
 *(.gnu.version_r)

.rel.init
 *(.rel.init)

.rela.init
 *(.rela.init)

.rel.text
 *(.rel.text)

.rela.text
 *(.rela.text)

.rel.fini
 *(.rel.fini)

.rela.fini
 *(.rela.fini)

.rel.rodata
 *(.rel.rodata)

.rela.rodata
 *(.rela.rodata)

.rel.data.rel.ro
 *(.rel.data.rel.ro)

.rela.data.rel.ro
 *(.rela.data.rel.ro)

.rel.data
 *(.rel.data)

.rela.data
 *(.rela.data)

.rel.tdata
 *(.rel.tdata)

.rela.tdata
 *(.rela.tdata)

.rel.tbss
 *(.rel.tbss)

.rela.tbss
 *(.rela.tbss)

.rel.ctors
 *(.rel.ctors)

.rela.ctors
 *(.rela.ctors)

.rel.dtors
 *(.rel.dtors)

.rela.dtors
 *(.rela.dtors)

.rel.got
 *(.rel.got)

.rela.got
 *(.rela.got)

.rel.bss
 *(.rel.bss)

.rela.bss
 *(.rela.bss)

.rel.iplt
 *(.rel.iplt)

.rela.iplt
 *(.rela.iplt)

.rel.plt
 *(.rel.plt)

.rela.plt
 *(.rela.plt)

.init
 *(SORT(.init))

.plt
 *(.plt)

.iplt
 *(.iplt)

.text           0x00000000     0xf434
 *(.text .stub)
 .text          0x00000000      0x150 callout_interrupt_am335x.o
                0x00000054                interrupt_id_am335x
                0x0000009c                interrupt_eoi_am335x
                0x000000d8                interrupt_mask_am335x
                0x00000114                interrupt_unmask_am335x
 .text          0x00000150      0x134 callout_interrupt_am335x_gpio.o
                0x000001b0                interrupt_id_am335x_gpio
                0x000001ec                interrupt_eoi_am335x_gpio
                0x00000224                interrupt_mask_am335x_gpio
                0x00000254                interrupt_unmask_am335x_gpio
 .text          0x00000284      0x170 callout_interrupt_edma.o
                0x000002d8                interrupt_id_edma
                0x00000338                interrupt_eoi_edma
                0x0000037c                interrupt_mask_edma
                0x000003b8                interrupt_unmask_edma
 .text          0x000003f4       0x68 callout_reboot_am335x.o
                0x00000434                reboot_am335x
 .text          0x0000045c       0xf8 callout_timer_am335x.o
                0x000004b0                timer_load_am335x
                0x00000500                timer_value_am335x
                0x0000052c                timer_reload_am335x
 .text          0x00000554      0x348 detectid-bone.o
                0x00000554                bdid_read
                0x000005f8                iddump
                0x00000624                dump
                0x0000067c                get_boardid_i2c
                0x000007cc                detect_frequency_using_power
 .text          0x0000089c        0x4 init_asinfo.o
                0x0000089c                init_asinfo
 .text          0x000008a0      0xf24 init_clocks.o
                0x000008a0                Print_PLL_Config
                0x00000988                Print_Core_PLL_Config
                0x00000aec                display_PLLs
                0x00000bcc                Peripheral_PLL_Config
                0x00000c40                CORE_PLL_Config
                0x00000d94                Display_PLL_Config
                0x00000e94                DDR_PLL_Config
                0x00000f94                init_clocks
                0x00001180                display_clocks
 .text          0x000017c4       0x64 init_edma.o
                0x000017c4                init_edma
 .text          0x00001828       0xf4 init_hwinfo.o
                0x00001828                usb_delay
                0x00001854                phy_on
                0x00001878                init_hwinfo
 .text          0x0000191c       0x94 init_intrinfo.o
                0x0000191c                init_intrinfo
 .text          0x000019b0      0x45c init_pinmux.o
                0x000019b0                init_pinmux
                0x00001a70                init_pinmux_capes
 .text          0x00001e0c       0xe0 init_qtime_am335x.o
                0x00001e44                init_qtime_am335x
 .text          0x00001eec       0x4c init_raminfo.o
                0x00001eec                init_raminfo_beaglebone
 .text          0x00001f38      0x164 init_wdt.o
                0x00001f38                wait_for_wdt_write_complete
                0x00001f50                wdt_disable
                0x00001f94                wdt_enable
 .text          0x0000209c        0x0 main.o
 .text          0x0000209c       0x18 rtc_time.o
                0x0000209c                rtc_time
 .text          0x000020b4      0x174 /home/marko/Programming/QNX_SDP/ide-5.0-workspace/ti-am335x-beaglebone-SDP6.6/src/hardware/startup/lib/arm/a.le.v7/libstartup.a(_main.o)
                0x000020b8                _main
                0x00002200                __get_errno_ptr
                0x0000220c                __stackavail
                0x00002214                abort
 .text          0x00002228      0x190 /home/marko/Programming/QNX_SDP/ide-5.0-workspace/ti-am335x-beaglebone-SDP6.6/src/hardware/startup/lib/arm/a.le.v7/libstartup.a(add_interrupt.o)
                0x00002294                add_interrupt
                0x00002360                add_interrupt_array
 .text          0x000023b8       0x74 /home/marko/Programming/QNX_SDP/ide-5.0-workspace/ti-am335x-beaglebone-SDP6.6/src/hardware/startup/lib/arm/a.le.v7/libstartup.a(alloc_qtime.o)
                0x000023b8                alloc_qtime
 .text          0x0000242c        0x4 /home/marko/Programming/QNX_SDP/ide-5.0-workspace/ti-am335x-beaglebone-SDP6.6/src/hardware/startup/lib/arm/a.le.v7/libstartup.a(board_init.o)
                0x0000242c                board_init
 .text          0x00002430      0x158 /home/marko/Programming/QNX_SDP/ide-5.0-workspace/ti-am335x-beaglebone-SDP6.6/src/hardware/startup/lib/arm/a.le.v7/libstartup.a(callout_debug_8250.o)
                0x000024ac                display_char_8250
                0x000024fc                poll_key_8250
                0x00002540                break_detect_8250
 .text          0x00002588      0x450 /home/marko/Programming/QNX_SDP/ide-5.0-workspace/ti-am335x-beaglebone-SDP6.6/src/hardware/startup/lib/arm/a.le.v7/libstartup.a(callouts.o)
                0x00002600                output_callouts
                0x00002658                callout_output_one
                0x00002878                callout_register_data
                0x000028f8                callout_reloc_data
                0x00002938                add_callout
                0x000029a4                add_callout_array
 .text          0x000029d8      0x6f0 /home/marko/Programming/QNX_SDP/ide-5.0-workspace/ti-am335x-beaglebone-SDP6.6/src/hardware/startup/lib/arm/a.le.v7/libstartup.a(common_options.o)
                0x00002b28                handle_common_option
                0x00002ebc                set_debug
                0x0000308c                select_debug
 .text          0x000030c8       0x2c /home/marko/Programming/QNX_SDP/ide-5.0-workspace/ti-am335x-beaglebone-SDP6.6/src/hardware/startup/lib/arm/a.le.v7/libstartup.a(cpu_common_options.o)
                0x000030c8                cpu_handle_common_option
 .text          0x000030f4       0x30 /home/marko/Programming/QNX_SDP/ide-5.0-workspace/ti-am335x-beaglebone-SDP6.6/src/hardware/startup/lib/arm/a.le.v7/libstartup.a(cpu_startup.o)
                0x000030f4                cpu_startup
 .text          0x00003124       0x44 /home/marko/Programming/QNX_SDP/ide-5.0-workspace/ti-am335x-beaglebone-SDP6.6/src/hardware/startup/lib/arm/a.le.v7/libstartup.a(cstart.o)
                0x00003124                _start
 .text          0x00003168       0x7c /home/marko/Programming/QNX_SDP/ide-5.0-workspace/ti-am335x-beaglebone-SDP6.6/src/hardware/startup/lib/arm/a.le.v7/libstartup.a(debug.o)
                0x00003168                print_syspage
 .text          0x000031e4      0x158 /home/marko/Programming/QNX_SDP/ide-5.0-workspace/ti-am335x-beaglebone-SDP6.6/src/hardware/startup/lib/arm/a.le.v7/libstartup.a(getopt.o)
                0x000031e4                getopt
 .text          0x0000333c       0xfc /home/marko/Programming/QNX_SDP/ide-5.0-workspace/ti-am335x-beaglebone-SDP6.6/src/hardware/startup/lib/arm/a.le.v7/libstartup.a(getsize.o)
                0x0000333c                getsize
 .text          0x00003438      0x134 /home/marko/Programming/QNX_SDP/ide-5.0-workspace/ti-am335x-beaglebone-SDP6.6/src/hardware/startup/lib/arm/a.le.v7/libstartup.a(hw_rtc_dm816x.o)
                0x00003438                rtc_time_dm816x
 .text          0x0000356c      0x3a4 /home/marko/Programming/QNX_SDP/ide-5.0-workspace/ti-am335x-beaglebone-SDP6.6/src/hardware/startup/lib/arm/a.le.v7/libstartup.a(hw_seromap.o)
                0x000036e8                init_omap
                0x000038c0                put_omap
 .text          0x00003910       0x84 /home/marko/Programming/QNX_SDP/ide-5.0-workspace/ti-am335x-beaglebone-SDP6.6/src/hardware/startup/lib/arm/a.le.v7/libstartup.a(hwi_add_rtc.o)
                0x00003910                hwi_add_rtc
 .text          0x00003994      0x19c /home/marko/Programming/QNX_SDP/ide-5.0-workspace/ti-am335x-beaglebone-SDP6.6/src/hardware/startup/lib/arm/a.le.v7/libstartup.a(hwi_alloc.o)
                0x00003994                __hwi_find_string
                0x000039a8                __hwi_base
                0x000039b8                hwi_alloc_tag
                0x00003a64                hwi_alloc_item
                0x00003ae0                hwi_grow_tag
 .text          0x00003b30       0x28 /home/marko/Programming/QNX_SDP/ide-5.0-workspace/ti-am335x-beaglebone-SDP6.6/src/hardware/startup/lib/arm/a.le.v7/libstartup.a(hwi_find_as.o)
                0x00003b30                hwi_find_as
 .text          0x00003b58        0x4 /home/marko/Programming/QNX_SDP/ide-5.0-workspace/ti-am335x-beaglebone-SDP6.6/src/hardware/startup/lib/arm/a.le.v7/libstartup.a(init_cacheattr.o)
                0x00003b58                init_cacheattr
 .text          0x00003b5c      0x350 /home/marko/Programming/QNX_SDP/ide-5.0-workspace/ti-am335x-beaglebone-SDP6.6/src/hardware/startup/lib/arm/a.le.v7/libstartup.a(init_cpuinfo.o)
                0x00003b94                init_one_cpuinfo
                0x00003e10                init_cpuinfo
 .text          0x00003eac      0x238 /home/marko/Programming/QNX_SDP/ide-5.0-workspace/ti-am335x-beaglebone-SDP6.6/src/hardware/startup/lib/arm/a.le.v7/libstartup.a(init_mmu.o)
                0x00003eac                init_mmu_32
                0x000040e0                init_mmu
 .text          0x000040e4      0x944 /home/marko/Programming/QNX_SDP/ide-5.0-workspace/ti-am335x-beaglebone-SDP6.6/src/hardware/startup/lib/arm/a.le.v7/libstartup.a(init_system_private.o)
                0x00004104                init_system_private
 .text          0x00004a28       0xa0 /home/marko/Programming/QNX_SDP/ide-5.0-workspace/ti-am335x-beaglebone-SDP6.6/src/hardware/startup/lib/arm/a.le.v7/libstartup.a(jtag.o)
                0x00004a28                jtag_reserve_memory
                0x00004a74                jtag_reserve_syspage_addr
                0x00004a8c                jtag_store_syspage_addr
 .text          0x00004ac8      0x4cc /home/marko/Programming/QNX_SDP/ide-5.0-workspace/ti-am335x-beaglebone-SDP6.6/src/hardware/startup/lib/arm/a.le.v7/libstartup.a(kprintf.o)
                0x00004e40                kprintf
                0x00004e94                ksprintf
                0x00004f1c                crash
                0x00004f74                set_print_char
                0x00004f84                get_print_char
 .text          0x00004f94      0x100 /home/marko/Programming/QNX_SDP/ide-5.0-workspace/ti-am335x-beaglebone-SDP6.6/src/hardware/startup/lib/arm/a.le.v7/libstartup.a(load_ifs.o)
                0x00004f94                load_ifs
 .text          0x00005094       0x68 /home/marko/Programming/QNX_SDP/ide-5.0-workspace/ti-am335x-beaglebone-SDP6.6/src/hardware/startup/lib/arm/a.le.v7/libstartup.a(map_callout_io.o)
                0x00005094                callout_io_map
 .text          0x000050fc        0x4 /home/marko/Programming/QNX_SDP/ide-5.0-workspace/ti-am335x-beaglebone-SDP6.6/src/hardware/startup/lib/arm/a.le.v7/libstartup.a(map_callout_io32.o)
                0x000050fc                callout_io_map32
 .text          0x00005100        0xc /home/marko/Programming/QNX_SDP/ide-5.0-workspace/ti-am335x-beaglebone-SDP6.6/src/hardware/startup/lib/arm/a.le.v7/libstartup.a(map_startup_io.o)
                0x00005100                startup_io_map
                0x00005108                startup_io_unmap
 .text          0x0000510c        0xc /home/marko/Programming/QNX_SDP/ide-5.0-workspace/ti-am335x-beaglebone-SDP6.6/src/hardware/startup/lib/arm/a.le.v7/libstartup.a(map_startup_mem.o)
                0x0000510c                startup_memory_map
                0x00005114                startup_memory_unmap
 .text          0x00005118       0xb0 /home/marko/Programming/QNX_SDP/ide-5.0-workspace/ti-am335x-beaglebone-SDP6.6/src/hardware/startup/lib/arm/a.le.v7/libstartup.a(memfuncs.o)
                0x00005118                copy_memory
 .text          0x000051c8       0x58 /home/marko/Programming/QNX_SDP/ide-5.0-workspace/ti-am335x-beaglebone-SDP6.6/src/hardware/startup/lib/arm/a.le.v7/libstartup.a(memmove.o)
                0x000051c8                memmove
 .text          0x00005220      0x524 /home/marko/Programming/QNX_SDP/ide-5.0-workspace/ti-am335x-beaglebone-SDP6.6/src/hardware/startup/lib/arm/a.le.v7/libstartup.a(omap_i2c.o)
                0x00005220                omap_i2c_set_debug
                0x00005230                omap_i2c_deinit
                0x00005248                omap_i2c_init
                0x00005428                omap_i2c_read
                0x00005670                omap_i2c_write
 .text          0x00005744      0xab8 /home/marko/Programming/QNX_SDP/ide-5.0-workspace/ti-am335x-beaglebone-SDP6.6/src/hardware/startup/lib/arm/a.le.v7/libstartup.a(print_sysp.o)
                0x00005820                print_mdriver
                0x00005898                print_pminfo
                0x000058bc                print_smp
                0x000058e4                print_callout
                0x00005970                print_cacheattr
                0x000059e0                print_cpuinfo
                0x00005a6c                print_qtime
                0x00005b14                print_asinfo
                0x00005ba4                print_meminfo
                0x00005c48                print_system_private
                0x00005d04                print_hwinfo
                0x00005e20                print_strings
                0x00005f04                print_typed_strings
                0x00005f68                print_intrinfo
                0x00006054                print_syspage_enable
                0x000060d8                print_syspage_sections
 .text          0x000061fc      0xea0 /home/marko/Programming/QNX_SDP/ide-5.0-workspace/ti-am335x-beaglebone-SDP6.6/src/hardware/startup/lib/arm/a.le.v7/libstartup.a(ram.o)
                0x000063a0                find_top_ram_aligned
                0x000065f8                find_top_ram
                0x00006610                find_ram_in_range
                0x00006890                find_ram
                0x000068c4                alloc_ram
                0x00006c08                calloc_ram
                0x00006c6c                add_sysram
                0x00006d00                ws_alloc
                0x00006e28                avoid_ram
                0x00006e88                add_ram
                0x00006fc8                watch_add_ram
                0x0000700c                reserve_ram
 .text          0x0000709c      0xb38 /home/marko/Programming/QNX_SDP/ide-5.0-workspace/ti-am335x-beaglebone-SDP6.6/src/hardware/startup/lib/arm/a.le.v7/libstartup.a(restore_ifs.o)
                0x000071f0                rifs_restore_ifs2
                0x00007338                rifs_load_ifs2
                0x00007494                load_ifs2_nonbootable
                0x0000750c                rifs_restore_ifs
                0x0000799c                rifs_save_elf32data
                0x00007b80                rifs_set_cksum
 .text          0x00007bd4        0x8 /home/marko/Programming/QNX_SDP/ide-5.0-workspace/ti-am335x-beaglebone-SDP6.6/src/hardware/startup/lib/arm/a.le.v7/libstartup.a(ssp.o)
                0x00007bd4                __stack_chk_fail
                0x00007bd8                __stack_chk_fail_local
 .text          0x00007bdc       0x88 /home/marko/Programming/QNX_SDP/ide-5.0-workspace/ti-am335x-beaglebone-SDP6.6/src/hardware/startup/lib/arm/a.le.v7/libstartup.a(startnext.o)
                0x00007bdc                startnext
 .text          0x00007c64       0x68 /home/marko/Programming/QNX_SDP/ide-5.0-workspace/ti-am335x-beaglebone-SDP6.6/src/hardware/startup/lib/arm/a.le.v7/libstartup.a(startup_info.o)
                0x00007c64                find_startup_info
 .text          0x00007ccc      0x248 /home/marko/Programming/QNX_SDP/ide-5.0-workspace/ti-am335x-beaglebone-SDP6.6/src/hardware/startup/lib/arm/a.le.v7/libstartup.a(strings.o)
                0x00007ccc                find_typed_string
                0x00007d40                del_typed_string
                0x00007de4                add_typed_string
                0x00007e58                add_string
 .text          0x00007f14       0xec /home/marko/Programming/QNX_SDP/ide-5.0-workspace/ti-am335x-beaglebone-SDP6.6/src/hardware/startup/lib/arm/a.le.v7/libstartup.a(strtoul.o)
                0x00007f14                strtopaddr
                0x00007ffc                strtoul
 .text          0x00008000      0x538 /home/marko/Programming/QNX_SDP/ide-5.0-workspace/ti-am335x-beaglebone-SDP6.6/src/hardware/startup/lib/arm/a.le.v7/libstartup.a(syspage_memory.o)
                0x00008000                grow_syspage_section
                0x00008100                set_syspage_section
                0x0000813c                init_syspage_memory
                0x000081fc                reloc_syspage_memory
                0x0000825c                alloc_syspage_memory
                0x000084ec                write_syspage_memory
 .text          0x00008538        0x4 /home/marko/Programming/QNX_SDP/ide-5.0-workspace/ti-am335x-beaglebone-SDP6.6/src/hardware/startup/lib/arm/a.le.v7/libstartup.a(tweak_cmdline.o)
                0x00008538                tweak_cmdline
 .text          0x0000853c       0x8c /home/marko/Programming/QNX_SDP/ide-5.0-workspace/ti-am335x-beaglebone-SDP6.6/src/hardware/startup/lib/arm/a.le.v7/libstartup.a(uncompress.o)
                0x0000853c                uncompress
 .text          0x000085c8       0xa4 /home/marko/Programming/QNX_SDP/ide-5.0-workspace/ti-am335x-beaglebone-SDP6.6/src/hardware/startup/lib/arm/a.le.v7/libstartup.a(uncompress_ucl.o)
                0x000085c8                uncompress_ucl
 .text          0x0000866c       0x8c /home/marko/Programming/QNX_SDP/ide-5.0-workspace/ti-am335x-beaglebone-SDP6.6/src/hardware/startup/lib/arm/a.le.v7/libstartup.a(arm_add_clock_cycles.o)
                0x00008694                arm_add_clock_cycles
 .text          0x000086f8      0x4bc /home/marko/Programming/QNX_SDP/ide-5.0-workspace/ti-am335x-beaglebone-SDP6.6/src/hardware/startup/lib/arm/a.le.v7/libstartup.a(arm_cache.o)
                0x00008758                arm_v7_add_cache
                0x00008924                arm_add_cache
 .text          0x00008bb4      0x114 /home/marko/Programming/QNX_SDP/ide-5.0-workspace/ti-am335x-beaglebone-SDP6.6/src/hardware/startup/lib/arm/a.le.v7/libstartup.a(arm_cpuspeed.o)
                0x00008bb4                arm_cpuspeed
 .text          0x00008cc8      0x558 /home/marko/Programming/QNX_SDP/ide-5.0-workspace/ti-am335x-beaglebone-SDP6.6/src/hardware/startup/lib/arm/a.le.v7/libstartup.a(arm_map.o)
                0x00008e10                map_ptbl
                0x00008e60                arm_pdmap
                0x00008eb8                arm_scmap
                0x00008f38                arm_scunmap
                0x00008f90                arm_32_map
                0x00009138                arm_32_map_cpu
                0x000091b4                arm_32_elf_vaddr_to_paddr
                0x00009214                arm_map
                0x00009218                arm_map_cpu
                0x0000921c                elf_vaddr_to_paddr
 .text          0x00009220      0x168 /home/marko/Programming/QNX_SDP/ide-5.0-workspace/ti-am335x-beaglebone-SDP6.6/src/hardware/startup/lib/arm/a.le.v7/libstartup.a(arm_pte.o)
                0x00009220                arm_pte_setup
 .text          0x00009388       0x8c /home/marko/Programming/QNX_SDP/ide-5.0-workspace/ti-am335x-beaglebone-SDP6.6/src/hardware/startup/lib/arm/a.le.v7/libstartup.a(armv_chip_detect.o)
                0x00009388                armv_chip_detect
 .text          0x00009414        0x0 /home/marko/Programming/QNX_SDP/ide-5.0-workspace/ti-am335x-beaglebone-SDP6.6/src/hardware/startup/lib/arm/a.le.v7/libstartup.a(armv_list.o)
 .text          0x00009414       0x34 /home/marko/Programming/QNX_SDP/ide-5.0-workspace/ti-am335x-beaglebone-SDP6.6/src/hardware/startup/lib/arm/a.le.v7/libstartup.a(as_add.o)
                0x00009414                as_add
 .text          0x00009448       0xc8 /home/marko/Programming/QNX_SDP/ide-5.0-workspace/ti-am335x-beaglebone-SDP6.6/src/hardware/startup/lib/arm/a.le.v7/libstartup.a(as_add64.o)
                0x00009448                as_add64
 .text          0x00009510      0x2e0 /home/marko/Programming/QNX_SDP/ide-5.0-workspace/ti-am335x-beaglebone-SDP6.6/src/hardware/startup/lib/arm/a.le.v7/libstartup.a(as_add_containing.o)
                0x00009510                as_add_containing
 .text          0x000097f0       0x40 /home/marko/Programming/QNX_SDP/ide-5.0-workspace/ti-am335x-beaglebone-SDP6.6/src/hardware/startup/lib/arm/a.le.v7/libstartup.a(as_default.o)
                0x000097f0                as_default
 .text          0x00009830      0x168 /home/marko/Programming/QNX_SDP/ide-5.0-workspace/ti-am335x-beaglebone-SDP6.6/src/hardware/startup/lib/arm/a.le.v7/libstartup.a(as_find.o)
                0x00009830                as_find
 .text          0x00009998      0x108 /home/marko/Programming/QNX_SDP/ide-5.0-workspace/ti-am335x-beaglebone-SDP6.6/src/hardware/startup/lib/arm/a.le.v7/libstartup.a(as_find_containing.o)
                0x00009998                as_find_containing
 .text          0x00009aa0       0x14 /home/marko/Programming/QNX_SDP/ide-5.0-workspace/ti-am335x-beaglebone-SDP6.6/src/hardware/startup/lib/arm/a.le.v7/libstartup.a(as_off2info.o)
                0x00009aa0                as_off2info
 .text          0x00009ab4       0x30 /home/marko/Programming/QNX_SDP/ide-5.0-workspace/ti-am335x-beaglebone-SDP6.6/src/hardware/startup/lib/arm/a.le.v7/libstartup.a(bcd2bin.o)
                0x00009ab4                bcd2bin
 .text          0x00009ae4        0x4 /home/marko/Programming/QNX_SDP/ide-5.0-workspace/ti-am335x-beaglebone-SDP6.6/src/hardware/startup/lib/arm/a.le.v7/libstartup.a(board_cpu_startup.o)
                0x00009ae4                board_cpu_startup
 .text          0x00009ae8       0xc8 /home/marko/Programming/QNX_SDP/ide-5.0-workspace/ti-am335x-beaglebone-SDP6.6/src/hardware/startup/lib/arm/a.le.v7/libstartup.a(calc_time_t.o)
                0x00009ae8                calc_time_t
 .text          0x00009bb0      0x118 /home/marko/Programming/QNX_SDP/ide-5.0-workspace/ti-am335x-beaglebone-SDP6.6/src/hardware/startup/lib/arm/a.le.v7/libstartup.a(chip_access.o)
                0x00009bb0                chip_access
                0x00009bf0                chip_done
                0x00009c10                chip_read8
                0x00009c2c                chip_write8
                0x00009c50                chip_read16
                0x00009c6c                chip_write16
                0x00009c90                chip_read32
                0x00009cac                chip_write32
 .text          0x00009cc8       0xdc /home/marko/Programming/QNX_SDP/ide-5.0-workspace/ti-am335x-beaglebone-SDP6.6/src/hardware/startup/lib/arm/a.le.v7/libstartup.a(cpu_startnext.o)
                0x00009cc8                cpu_startnext
 .text          0x00009da4      0x250 /home/marko/Programming/QNX_SDP/ide-5.0-workspace/ti-am335x-beaglebone-SDP6.6/src/hardware/startup/lib/arm/a.le.v7/libstartup.a(cpu_syspage_memory.o)
                0x00009da4                cpu_init_syspage_memory
                0x00009db4                cpu_alloc_syspage_memory
                0x00009ff0                cpu_write_syspage_memory
 .text          0x00009ff4        0x4 /home/marko/Programming/QNX_SDP/ide-5.0-workspace/ti-am335x-beaglebone-SDP6.6/src/hardware/startup/lib/arm/a.le.v7/libstartup.a(crash_done.o)
                0x00009ff4                crash_done
 .text          0x00009ff8        0x4 /home/marko/Programming/QNX_SDP/ide-5.0-workspace/ti-am335x-beaglebone-SDP6.6/src/hardware/startup/lib/arm/a.le.v7/libstartup.a(dummy_print_char.o)
                0x00009ff8                dummy_print_char
 .text          0x00009ffc      0x39c /home/marko/Programming/QNX_SDP/ide-5.0-workspace/ti-am335x-beaglebone-SDP6.6/src/hardware/startup/lib/arm/a.le.v7/libstartup.a(elf.o)
                0x00009ffc                is_elf
                0x0000a0b4                load_elf32
 .text          0x0000a398      0x28c /home/marko/Programming/QNX_SDP/ide-5.0-workspace/ti-am335x-beaglebone-SDP6.6/src/hardware/startup/lib/arm/a.le.v7/libstartup.a(elf_map.o)
                0x0000a398                elf_map
 .text          0x0000a624       0xdc /home/marko/Programming/QNX_SDP/ide-5.0-workspace/ti-am335x-beaglebone-SDP6.6/src/hardware/startup/lib/arm/a.le.v7/libstartup.a(hwi_add_device.o)
                0x0000a624                hwi_add_device
 .text          0x0000a700       0x34 /home/marko/Programming/QNX_SDP/ide-5.0-workspace/ti-am335x-beaglebone-SDP6.6/src/hardware/startup/lib/arm/a.le.v7/libstartup.a(hwi_add_location.o)
                0x0000a700                hwi_add_location
 .text          0x0000a734       0x58 /home/marko/Programming/QNX_SDP/ide-5.0-workspace/ti-am335x-beaglebone-SDP6.6/src/hardware/startup/lib/arm/a.le.v7/libstartup.a(hwi_default.o)
                0x0000a734                hwi_default
 .text          0x0000a78c       0x44 /home/marko/Programming/QNX_SDP/ide-5.0-workspace/ti-am335x-beaglebone-SDP6.6/src/hardware/startup/lib/arm/a.le.v7/libstartup.a(hwitag_add_location.o)
                0x0000a78c                hwitag_add_location
 .text          0x0000a7d0        0x0 /home/marko/Programming/QNX_SDP/ide-5.0-workspace/ti-am335x-beaglebone-SDP6.6/src/hardware/startup/lib/arm/a.le.v7/libstartup.a(mdriver_max.o)
 .text          0x0000a7d0      0x144 /home/marko/Programming/QNX_SDP/ide-5.0-workspace/ti-am335x-beaglebone-SDP6.6/src/hardware/startup/lib/arm/a.le.v7/libstartup.a(memcpy.o)
                0x0000a7d0                memcpy
 .text          0x0000a914       0x20 /home/marko/Programming/QNX_SDP/ide-5.0-workspace/ti-am335x-beaglebone-SDP6.6/src/hardware/startup/lib/arm/a.le.v7/libstartup.a(timer_ns2tick.o)
                0x0000a914                timer_ns2tick
 .text          0x0000a934       0x9c /home/marko/Programming/QNX_SDP/ide-5.0-workspace/ti-am335x-beaglebone-SDP6.6/src/hardware/startup/lib/arm/a.le.v7/libstartup.a(timer_tick2ns.o)
                0x0000a934                timer_tick2ns
 *fill*         0x0000a9d0       0x10 
 .text          0x0000a9e0       0x80 /home/marko/Programming/QNX_SDP/ide-5.0-workspace/ti-am335x-beaglebone-SDP6.6/src/hardware/startup/lib/arm/a.le.v7/libstartup.a(vstart_v4.o)
                0x0000a9e0                vstart_v4
 .text          0x0000aa60      0x180 /home/marko/Programming/QNX_SDP/ide-5.0-workspace/ti-am335x-beaglebone-SDP6.6/src/hardware/startup/lib/arm/a.le.v7/libstartup.a(add_cache.o)
                0x0000aab0                add_cache_ways
                0x0000abbc                add_cache
 .text          0x0000abe0        0x0 /home/marko/Programming/QNX_SDP/ide-5.0-workspace/ti-am335x-beaglebone-SDP6.6/src/hardware/startup/lib/arm/a.le.v7/libstartup.a(armv_chip_1020.o)
 .text          0x0000abe0        0x0 /home/marko/Programming/QNX_SDP/ide-5.0-workspace/ti-am335x-beaglebone-SDP6.6/src/hardware/startup/lib/arm/a.le.v7/libstartup.a(armv_chip_1022.o)
 .text          0x0000abe0        0x0 /home/marko/Programming/QNX_SDP/ide-5.0-workspace/ti-am335x-beaglebone-SDP6.6/src/hardware/startup/lib/arm/a.le.v7/libstartup.a(armv_chip_1136.o)
 .text          0x0000abe0        0x0 /home/marko/Programming/QNX_SDP/ide-5.0-workspace/ti-am335x-beaglebone-SDP6.6/src/hardware/startup/lib/arm/a.le.v7/libstartup.a(armv_chip_1176.o)
 .text          0x0000abe0        0x0 /home/marko/Programming/QNX_SDP/ide-5.0-workspace/ti-am335x-beaglebone-SDP6.6/src/hardware/startup/lib/arm/a.le.v7/libstartup.a(armv_chip_1200.o)
 .text          0x0000abe0        0x0 /home/marko/Programming/QNX_SDP/ide-5.0-workspace/ti-am335x-beaglebone-SDP6.6/src/hardware/startup/lib/arm/a.le.v7/libstartup.a(armv_chip_23xx.o)
 .text          0x0000abe0        0x0 /home/marko/Programming/QNX_SDP/ide-5.0-workspace/ti-am335x-beaglebone-SDP6.6/src/hardware/startup/lib/arm/a.le.v7/libstartup.a(armv_chip_2400.o)
 .text          0x0000abe0        0x0 /home/marko/Programming/QNX_SDP/ide-5.0-workspace/ti-am335x-beaglebone-SDP6.6/src/hardware/startup/lib/arm/a.le.v7/libstartup.a(armv_chip_2800.o)
 .text          0x0000abe0        0x0 /home/marko/Programming/QNX_SDP/ide-5.0-workspace/ti-am335x-beaglebone-SDP6.6/src/hardware/startup/lib/arm/a.le.v7/libstartup.a(armv_chip_425.o)
 .text          0x0000abe0        0x0 /home/marko/Programming/QNX_SDP/ide-5.0-workspace/ti-am335x-beaglebone-SDP6.6/src/hardware/startup/lib/arm/a.le.v7/libstartup.a(armv_chip_465.o)
 .text          0x0000abe0        0x0 /home/marko/Programming/QNX_SDP/ide-5.0-workspace/ti-am335x-beaglebone-SDP6.6/src/hardware/startup/lib/arm/a.le.v7/libstartup.a(armv_chip_720.o)
 .text          0x0000abe0        0x0 /home/marko/Programming/QNX_SDP/ide-5.0-workspace/ti-am335x-beaglebone-SDP6.6/src/hardware/startup/lib/arm/a.le.v7/libstartup.a(armv_chip_80200.o)
 .text          0x0000abe0        0x0 /home/marko/Programming/QNX_SDP/ide-5.0-workspace/ti-am335x-beaglebone-SDP6.6/src/hardware/startup/lib/arm/a.le.v7/libstartup.a(armv_chip_920.o)
 .text          0x0000abe0        0x0 /home/marko/Programming/QNX_SDP/ide-5.0-workspace/ti-am335x-beaglebone-SDP6.6/src/hardware/startup/lib/arm/a.le.v7/libstartup.a(armv_chip_922.o)
 .text          0x0000abe0        0x0 /home/marko/Programming/QNX_SDP/ide-5.0-workspace/ti-am335x-beaglebone-SDP6.6/src/hardware/startup/lib/arm/a.le.v7/libstartup.a(armv_chip_925.o)
 .text          0x0000abe0        0x0 /home/marko/Programming/QNX_SDP/ide-5.0-workspace/ti-am335x-beaglebone-SDP6.6/src/hardware/startup/lib/arm/a.le.v7/libstartup.a(armv_chip_926.o)
 .text          0x0000abe0        0x0 /home/marko/Programming/QNX_SDP/ide-5.0-workspace/ti-am335x-beaglebone-SDP6.6/src/hardware/startup/lib/arm/a.le.v7/libstartup.a(armv_chip_a15.o)
 .text          0x0000abe0        0x0 /home/marko/Programming/QNX_SDP/ide-5.0-workspace/ti-am335x-beaglebone-SDP6.6/src/hardware/startup/lib/arm/a.le.v7/libstartup.a(armv_chip_a7.o)
 .text          0x0000abe0        0x0 /home/marko/Programming/QNX_SDP/ide-5.0-workspace/ti-am335x-beaglebone-SDP6.6/src/hardware/startup/lib/arm/a.le.v7/libstartup.a(armv_chip_a8.o)
 .text          0x0000abe0        0x0 /home/marko/Programming/QNX_SDP/ide-5.0-workspace/ti-am335x-beaglebone-SDP6.6/src/hardware/startup/lib/arm/a.le.v7/libstartup.a(armv_chip_a9.o)
 .text          0x0000abe0        0x0 /home/marko/Programming/QNX_SDP/ide-5.0-workspace/ti-am335x-beaglebone-SDP6.6/src/hardware/startup/lib/arm/a.le.v7/libstartup.a(armv_chip_mp11.o)
 .text          0x0000abe0        0x0 /home/marko/Programming/QNX_SDP/ide-5.0-workspace/ti-am335x-beaglebone-SDP6.6/src/hardware/startup/lib/arm/a.le.v7/libstartup.a(armv_chip_pxa210b.o)
 .text          0x0000abe0        0x0 /home/marko/Programming/QNX_SDP/ide-5.0-workspace/ti-am335x-beaglebone-SDP6.6/src/hardware/startup/lib/arm/a.le.v7/libstartup.a(armv_chip_pxa210c.o)
 .text          0x0000abe0        0x0 /home/marko/Programming/QNX_SDP/ide-5.0-workspace/ti-am335x-beaglebone-SDP6.6/src/hardware/startup/lib/arm/a.le.v7/libstartup.a(armv_chip_pxa250a.o)
 .text          0x0000abe0        0x0 /home/marko/Programming/QNX_SDP/ide-5.0-workspace/ti-am335x-beaglebone-SDP6.6/src/hardware/startup/lib/arm/a.le.v7/libstartup.a(armv_chip_pxa250b.o)
 .text          0x0000abe0        0x0 /home/marko/Programming/QNX_SDP/ide-5.0-workspace/ti-am335x-beaglebone-SDP6.6/src/hardware/startup/lib/arm/a.le.v7/libstartup.a(armv_chip_pxa255.o)
 .text          0x0000abe0        0x0 /home/marko/Programming/QNX_SDP/ide-5.0-workspace/ti-am335x-beaglebone-SDP6.6/src/hardware/startup/lib/arm/a.le.v7/libstartup.a(armv_chip_pxa270.o)
 .text          0x0000abe0        0x0 /home/marko/Programming/QNX_SDP/ide-5.0-workspace/ti-am335x-beaglebone-SDP6.6/src/hardware/startup/lib/arm/a.le.v7/libstartup.a(armv_chip_sa1100.o)
 .text          0x0000abe0        0x0 /home/marko/Programming/QNX_SDP/ide-5.0-workspace/ti-am335x-beaglebone-SDP6.6/src/hardware/startup/lib/arm/a.le.v7/libstartup.a(armv_chip_sa1110.o)
 .text          0x0000abe0        0x0 /home/marko/Programming/QNX_SDP/ide-5.0-workspace/ti-am335x-beaglebone-SDP6.6/src/hardware/startup/lib/arm/a.le.v7/libstartup.a(armv_chip_sheeva.o)
 .text          0x0000abe0       0x30 /home/marko/Programming/QNX_SDP/ide-5.0-workspace/ti-am335x-beaglebone-SDP6.6/src/hardware/startup/lib/arm/a.le.v7/libstartup.a(armv_detect_a15.o)
                0x0000abe0                armv_detect_a15
 .text          0x0000ac10       0x30 /home/marko/Programming/QNX_SDP/ide-5.0-workspace/ti-am335x-beaglebone-SDP6.6/src/hardware/startup/lib/arm/a.le.v7/libstartup.a(armv_detect_a7.o)
                0x0000ac10                armv_detect_a7
 .text          0x0000ac40       0x28 /home/marko/Programming/QNX_SDP/ide-5.0-workspace/ti-am335x-beaglebone-SDP6.6/src/hardware/startup/lib/arm/a.le.v7/libstartup.a(armv_detect_a9.o)
                0x0000ac40                armv_detect_a9
 .text          0x0000ac68       0xc8 /home/marko/Programming/QNX_SDP/ide-5.0-workspace/ti-am335x-beaglebone-SDP6.6/src/hardware/startup/lib/arm/a.le.v7/libstartup.a(armv_detect_sheeva.o)
                0x0000ac68                armv_detect_sheeva
                0x0000aca4                armv_sheeva_wmmx_detect
                0x0000ad04                armv_sheeva_errata_check
 .text          0x0000ad30        0x0 /home/marko/Programming/QNX_SDP/ide-5.0-workspace/ti-am335x-beaglebone-SDP6.6/src/hardware/startup/lib/arm/a.le.v7/libstartup.a(armv_pte_ixp2xxx.o)
 .text          0x0000ad30        0x0 /home/marko/Programming/QNX_SDP/ide-5.0-workspace/ti-am335x-beaglebone-SDP6.6/src/hardware/startup/lib/arm/a.le.v7/libstartup.a(armv_pte_v4wb.o)
 .text          0x0000ad30        0x0 /home/marko/Programming/QNX_SDP/ide-5.0-workspace/ti-am335x-beaglebone-SDP6.6/src/hardware/startup/lib/arm/a.le.v7/libstartup.a(armv_pte_v4wt.o)
 .text          0x0000ad30        0x0 /home/marko/Programming/QNX_SDP/ide-5.0-workspace/ti-am335x-beaglebone-SDP6.6/src/hardware/startup/lib/arm/a.le.v7/libstartup.a(armv_pte_v5wa.o)
 .text          0x0000ad30        0x0 /home/marko/Programming/QNX_SDP/ide-5.0-workspace/ti-am335x-beaglebone-SDP6.6/src/hardware/startup/lib/arm/a.le.v7/libstartup.a(armv_pte_v5wb.o)
 .text          0x0000ad30        0x0 /home/marko/Programming/QNX_SDP/ide-5.0-workspace/ti-am335x-beaglebone-SDP6.6/src/hardware/startup/lib/arm/a.le.v7/libstartup.a(armv_pte_v5wt.o)
 .text          0x0000ad30        0x0 /home/marko/Programming/QNX_SDP/ide-5.0-workspace/ti-am335x-beaglebone-SDP6.6/src/hardware/startup/lib/arm/a.le.v7/libstartup.a(armv_pte_v6mp.o)
 .text          0x0000ad30        0x0 /home/marko/Programming/QNX_SDP/ide-5.0-workspace/ti-am335x-beaglebone-SDP6.6/src/hardware/startup/lib/arm/a.le.v7/libstartup.a(armv_pte_v6wb.o)
 .text          0x0000ad30        0x0 /home/marko/Programming/QNX_SDP/ide-5.0-workspace/ti-am335x-beaglebone-SDP6.6/src/hardware/startup/lib/arm/a.le.v7/libstartup.a(armv_pte_v6wt.o)
 .text          0x0000ad30        0x0 /home/marko/Programming/QNX_SDP/ide-5.0-workspace/ti-am335x-beaglebone-SDP6.6/src/hardware/startup/lib/arm/a.le.v7/libstartup.a(armv_pte_v7mp.o)
 .text          0x0000ad30        0x0 /home/marko/Programming/QNX_SDP/ide-5.0-workspace/ti-am335x-beaglebone-SDP6.6/src/hardware/startup/lib/arm/a.le.v7/libstartup.a(armv_pte_v7wa.o)
 .text          0x0000ad30        0x0 /home/marko/Programming/QNX_SDP/ide-5.0-workspace/ti-am335x-beaglebone-SDP6.6/src/hardware/startup/lib/arm/a.le.v7/libstartup.a(armv_pte_v7wb.o)
 .text          0x0000ad30        0x0 /home/marko/Programming/QNX_SDP/ide-5.0-workspace/ti-am335x-beaglebone-SDP6.6/src/hardware/startup/lib/arm/a.le.v7/libstartup.a(armv_pte_v7wt.o)
 .text          0x0000ad30        0x0 /home/marko/Programming/QNX_SDP/ide-5.0-workspace/ti-am335x-beaglebone-SDP6.6/src/hardware/startup/lib/arm/a.le.v7/libstartup.a(armv_pte_xsc3.o)
 .text          0x0000ad30       0x30 /home/marko/Programming/QNX_SDP/ide-5.0-workspace/ti-am335x-beaglebone-SDP6.6/src/hardware/startup/lib/arm/a.le.v7/libstartup.a(armv_setup_1136.o)
                0x0000ad30                armv_setup_1136
 .text          0x0000ad60       0x78 /home/marko/Programming/QNX_SDP/ide-5.0-workspace/ti-am335x-beaglebone-SDP6.6/src/hardware/startup/lib/arm/a.le.v7/libstartup.a(armv_setup_a15.o)
                0x0000ad60                armv_setup_a15
 .text          0x0000add8       0x80 /home/marko/Programming/QNX_SDP/ide-5.0-workspace/ti-am335x-beaglebone-SDP6.6/src/hardware/startup/lib/arm/a.le.v7/libstartup.a(armv_setup_a7.o)
                0x0000add8                armv_setup_a7
 .text          0x0000ae58        0x8 /home/marko/Programming/QNX_SDP/ide-5.0-workspace/ti-am335x-beaglebone-SDP6.6/src/hardware/startup/lib/arm/a.le.v7/libstartup.a(armv_setup_a8.o)
                0x0000ae58                armv_setup_a8
 .text          0x0000ae60       0x98 /home/marko/Programming/QNX_SDP/ide-5.0-workspace/ti-am335x-beaglebone-SDP6.6/src/hardware/startup/lib/arm/a.le.v7/libstartup.a(armv_setup_mp11.o)
                0x0000ae60                armv_setup_mp11
 .text          0x0000aef8       0x98 /home/marko/Programming/QNX_SDP/ide-5.0-workspace/ti-am335x-beaglebone-SDP6.6/src/hardware/startup/lib/arm/a.le.v7/libstartup.a(armv_setup_v6.o)
                0x0000aef8                armv_setup_v6
 .text          0x0000af90       0xd8 /home/marko/Programming/QNX_SDP/ide-5.0-workspace/ti-am335x-beaglebone-SDP6.6/src/hardware/startup/lib/arm/a.le.v7/libstartup.a(armv_setup_v7.o)
                0x0000af90                armv_setup_v7
 .text          0x0000b068       0x24 /home/marko/Programming/QNX_SDP/ide-5.0-workspace/ti-am335x-beaglebone-SDP6.6/src/hardware/startup/lib/arm/a.le.v7/libstartup.a(armv_setup_xscale.o)
                0x0000b068                armv_setup_xscale
 .text          0x0000b08c        0x4 /home/marko/Programming/QNX_SDP/ide-5.0-workspace/ti-am335x-beaglebone-SDP6.6/src/hardware/startup/lib/arm/a.le.v7/libstartup.a(board_cpu_startnext.o)
                0x0000b08c                board_cpu_startnext
 .text          0x0000b090       0x54 /home/marko/Programming/QNX_SDP/ide-5.0-workspace/ti-am335x-beaglebone-SDP6.6/src/hardware/startup/lib/arm/a.le.v7/libstartup.a(callout_page_1020.o)
                0x0000b090                page_flush_1020
                0x0000b0d4                page_flush_deferred_1020
 .text          0x0000b0e4       0x54 /home/marko/Programming/QNX_SDP/ide-5.0-workspace/ti-am335x-beaglebone-SDP6.6/src/hardware/startup/lib/arm/a.le.v7/libstartup.a(callout_page_1136.o)
                0x0000b0e4                page_flush_1136
                0x0000b124                page_flush_deferred_1136
 .text          0x0000b138       0x38 /home/marko/Programming/QNX_SDP/ide-5.0-workspace/ti-am335x-beaglebone-SDP6.6/src/hardware/startup/lib/arm/a.le.v7/libstartup.a(callout_page_720.o)
                0x0000b138                page_flush_720
                0x0000b158                page_flush_deferred_720
 .text          0x0000b170       0x54 /home/marko/Programming/QNX_SDP/ide-5.0-workspace/ti-am335x-beaglebone-SDP6.6/src/hardware/startup/lib/arm/a.le.v7/libstartup.a(callout_page_920.o)
                0x0000b170                page_flush_920
                0x0000b1b4                page_flush_deferred_920
 .text          0x0000b1c4       0x54 /home/marko/Programming/QNX_SDP/ide-5.0-workspace/ti-am335x-beaglebone-SDP6.6/src/hardware/startup/lib/arm/a.le.v7/libstartup.a(callout_page_925.o)
                0x0000b1c4                page_flush_925
                0x0000b208                page_flush_deferred_925
 .text          0x0000b218       0x6c /home/marko/Programming/QNX_SDP/ide-5.0-workspace/ti-am335x-beaglebone-SDP6.6/src/hardware/startup/lib/arm/a.le.v7/libstartup.a(callout_page_a15.o)
                0x0000b218                page_flush_a15
                0x0000b274                page_flush_deferred_a15
 .text          0x0000b284       0x6c /home/marko/Programming/QNX_SDP/ide-5.0-workspace/ti-am335x-beaglebone-SDP6.6/src/hardware/startup/lib/arm/a.le.v7/libstartup.a(callout_page_a7.o)
                0x0000b284                page_flush_a7
                0x0000b2e0                page_flush_deferred_a7
 .text          0x0000b2f0       0x5c /home/marko/Programming/QNX_SDP/ide-5.0-workspace/ti-am335x-beaglebone-SDP6.6/src/hardware/startup/lib/arm/a.le.v7/libstartup.a(callout_page_a8.o)
                0x0000b2f0                page_flush_a8
                0x0000b33c                page_flush_deferred_a8
 .text          0x0000b34c       0x54 /home/marko/Programming/QNX_SDP/ide-5.0-workspace/ti-am335x-beaglebone-SDP6.6/src/hardware/startup/lib/arm/a.le.v7/libstartup.a(callout_page_mp11.o)
                0x0000b34c                page_flush_mp11
                0x0000b390                page_flush_deferred_mp11
 .text          0x0000b3a0       0x60 /home/marko/Programming/QNX_SDP/ide-5.0-workspace/ti-am335x-beaglebone-SDP6.6/src/hardware/startup/lib/arm/a.le.v7/libstartup.a(callout_page_sa.o)
                0x0000b3a0                page_flush_sa
                0x0000b3e0                page_flush_deferred_sa
 .text          0x0000b400       0x64 /home/marko/Programming/QNX_SDP/ide-5.0-workspace/ti-am335x-beaglebone-SDP6.6/src/hardware/startup/lib/arm/a.le.v7/libstartup.a(callout_page_xsc3.o)
                0x0000b400                page_flush_xsc3
                0x0000b454                page_flush_deferred_xsc3
 .text          0x0000b464       0x5c /home/marko/Programming/QNX_SDP/ide-5.0-workspace/ti-am335x-beaglebone-SDP6.6/src/hardware/startup/lib/arm/a.le.v7/libstartup.a(callout_page_xscale.o)
                0x0000b464                page_flush_xscale
                0x0000b4b0                page_flush_deferred_xscale
 .text          0x0000b4c0       0x44 /home/marko/Programming/QNX_SDP/ide-5.0-workspace/ti-am335x-beaglebone-SDP6.6/src/hardware/startup/lib/arm/a.le.v7/libstartup.a(callout_power_926.o)
                0x0000b4c0                power_926
 .text          0x0000b504       0x20 /home/marko/Programming/QNX_SDP/ide-5.0-workspace/ti-am335x-beaglebone-SDP6.6/src/hardware/startup/lib/arm/a.le.v7/libstartup.a(callout_power_cp15_wfi.o)
                0x0000b504                power_cp15_wfi
 .text          0x0000b524       0xb8 /home/marko/Programming/QNX_SDP/ide-5.0-workspace/ti-am335x-beaglebone-SDP6.6/src/hardware/startup/lib/arm/a.le.v7/libstartup.a(callout_power_sa1100.o)
                0x0000b58c                power_sa1100
 .text          0x0000b5dc       0x2c /home/marko/Programming/QNX_SDP/ide-5.0-workspace/ti-am335x-beaglebone-SDP6.6/src/hardware/startup/lib/arm/a.le.v7/libstartup.a(callout_power_v7_wfi.o)
                0x0000b5dc                power_v7_wfi
 .text          0x0000b608       0x24 /home/marko/Programming/QNX_SDP/ide-5.0-workspace/ti-am335x-beaglebone-SDP6.6/src/hardware/startup/lib/arm/a.le.v7/libstartup.a(callout_power_xscale.o)
                0x0000b608                power_xscale
 *fill*         0x0000b62c       0x14 
 .text          0x0000b640       0x80 /home/marko/Programming/QNX_SDP/ide-5.0-workspace/ti-am335x-beaglebone-SDP6.6/src/hardware/startup/lib/arm/a.le.v7/libstartup.a(vstart_v6.o)
                0x0000b640                vstart_v6
 .text          0x0000b6c0       0xa0 /home/marko/Programming/QNX_SDP/ide-5.0-workspace/ti-am335x-beaglebone-SDP6.6/src/hardware/startup/lib/arm/a.le.v7/libstartup.a(vstart_v7.o)
                0x0000b6c0                vstart_v7
 .text          0x0000b760      0x140 /home/marko/Programming/QNX_SDP/ide-5.0-workspace/ti-am335x-beaglebone-SDP6.6/src/hardware/startup/lib/arm/a.le.v7/libstartup.a(arm_gic.o)
                0x0000b760                arm_gic_cpu_init
                0x0000b7d0                arm_gic_init
 .text          0x0000b8a0        0x0 /home/marko/Programming/QNX_SDP/ide-5.0-workspace/ti-am335x-beaglebone-SDP6.6/src/hardware/startup/lib/arm/a.le.v7/libstartup.a(armv_cache_1020.o)
 .text          0x0000b8a0        0x0 /home/marko/Programming/QNX_SDP/ide-5.0-workspace/ti-am335x-beaglebone-SDP6.6/src/hardware/startup/lib/arm/a.le.v7/libstartup.a(armv_cache_1136.o)
 .text          0x0000b8a0        0x0 /home/marko/Programming/QNX_SDP/ide-5.0-workspace/ti-am335x-beaglebone-SDP6.6/src/hardware/startup/lib/arm/a.le.v7/libstartup.a(armv_cache_720.o)
 .text          0x0000b8a0        0x0 /home/marko/Programming/QNX_SDP/ide-5.0-workspace/ti-am335x-beaglebone-SDP6.6/src/hardware/startup/lib/arm/a.le.v7/libstartup.a(armv_cache_920.o)
 .text          0x0000b8a0        0x0 /home/marko/Programming/QNX_SDP/ide-5.0-workspace/ti-am335x-beaglebone-SDP6.6/src/hardware/startup/lib/arm/a.le.v7/libstartup.a(armv_cache_925.o)
 .text          0x0000b8a0        0x0 /home/marko/Programming/QNX_SDP/ide-5.0-workspace/ti-am335x-beaglebone-SDP6.6/src/hardware/startup/lib/arm/a.le.v7/libstartup.a(armv_cache_926.o)
 .text          0x0000b8a0        0x0 /home/marko/Programming/QNX_SDP/ide-5.0-workspace/ti-am335x-beaglebone-SDP6.6/src/hardware/startup/lib/arm/a.le.v7/libstartup.a(armv_cache_a15.o)
 .text          0x0000b8a0        0x0 /home/marko/Programming/QNX_SDP/ide-5.0-workspace/ti-am335x-beaglebone-SDP6.6/src/hardware/startup/lib/arm/a.le.v7/libstartup.a(armv_cache_a7.o)
 .text          0x0000b8a0        0x0 /home/marko/Programming/QNX_SDP/ide-5.0-workspace/ti-am335x-beaglebone-SDP6.6/src/hardware/startup/lib/arm/a.le.v7/libstartup.a(armv_cache_a8.o)
 .text          0x0000b8a0        0x0 /home/marko/Programming/QNX_SDP/ide-5.0-workspace/ti-am335x-beaglebone-SDP6.6/src/hardware/startup/lib/arm/a.le.v7/libstartup.a(armv_cache_mp11.o)
 .text          0x0000b8a0        0x0 /home/marko/Programming/QNX_SDP/ide-5.0-workspace/ti-am335x-beaglebone-SDP6.6/src/hardware/startup/lib/arm/a.le.v7/libstartup.a(armv_cache_sa1100.o)
 .text          0x0000b8a0        0x0 /home/marko/Programming/QNX_SDP/ide-5.0-workspace/ti-am335x-beaglebone-SDP6.6/src/hardware/startup/lib/arm/a.le.v7/libstartup.a(armv_cache_xsc3.o)
 .text          0x0000b8a0        0x0 /home/marko/Programming/QNX_SDP/ide-5.0-workspace/ti-am335x-beaglebone-SDP6.6/src/hardware/startup/lib/arm/a.le.v7/libstartup.a(armv_cache_xscale.o)
 .text          0x0000b8a0        0x0 /home/marko/Programming/QNX_SDP/ide-5.0-workspace/ti-am335x-beaglebone-SDP6.6/src/hardware/startup/lib/arm/a.le.v7/libstartup.a(armv_chip_a9mp.o)
 .text          0x0000b8a0        0x0 /home/marko/Programming/QNX_SDP/ide-5.0-workspace/ti-am335x-beaglebone-SDP6.6/src/hardware/startup/lib/arm/a.le.v7/libstartup.a(armv_chip_a9up.o)
 .text          0x0000b8a0        0x0 /home/marko/Programming/QNX_SDP/ide-5.0-workspace/ti-am335x-beaglebone-SDP6.6/src/hardware/startup/lib/arm/a.le.v7/libstartup.a(armv_chip_sheeva_v6.o)
 .text          0x0000b8a0        0x0 /home/marko/Programming/QNX_SDP/ide-5.0-workspace/ti-am335x-beaglebone-SDP6.6/src/hardware/startup/lib/arm/a.le.v7/libstartup.a(armv_chip_sheeva_v7.o)
 .text          0x0000b8a0        0x0 /home/marko/Programming/QNX_SDP/ide-5.0-workspace/ti-am335x-beaglebone-SDP6.6/src/hardware/startup/lib/arm/a.le.v7/libstartup.a(armv_pte_v6wa.o)
 .text          0x0000b8a0      0x118 /home/marko/Programming/QNX_SDP/ide-5.0-workspace/ti-am335x-beaglebone-SDP6.6/src/hardware/startup/lib/arm/a.le.v7/libstartup.a(armv_setup_a9mp.o)
                0x0000b8a0                armv_setup_a9mp
 .text          0x0000b9b8       0x2c /home/marko/Programming/QNX_SDP/ide-5.0-workspace/ti-am335x-beaglebone-SDP6.6/src/hardware/startup/lib/arm/a.le.v7/libstartup.a(armv_setup_a9up.o)
                0x0000b9b8                armv_setup_a9up
 .text          0x0000b9e4       0x34 /home/marko/Programming/QNX_SDP/ide-5.0-workspace/ti-am335x-beaglebone-SDP6.6/src/hardware/startup/lib/arm/a.le.v7/libstartup.a(armv_setup_sheeva_v6.o)
                0x0000b9e4                armv_setup_sheeva_v6
 .text          0x0000ba18       0x40 /home/marko/Programming/QNX_SDP/ide-5.0-workspace/ti-am335x-beaglebone-SDP6.6/src/hardware/startup/lib/arm/a.le.v7/libstartup.a(armv_setup_sheeva_v7.o)
                0x0000ba18                armv_setup_sheeva_v7
 .text          0x0000ba58       0x9c /home/marko/Programming/QNX_SDP/ide-5.0-workspace/ti-am335x-beaglebone-SDP6.6/src/hardware/startup/lib/arm/a.le.v7/libstartup.a(callout_cache_1020.o)
                0x0000ba58                cache_1020_i
                0x0000ba94                cache_1020_d
 .text          0x0000baf4       0x8c /home/marko/Programming/QNX_SDP/ide-5.0-workspace/ti-am335x-beaglebone-SDP6.6/src/hardware/startup/lib/arm/a.le.v7/libstartup.a(callout_cache_1136.o)
                0x0000baf4                cache_1136_i
                0x0000bb0c                cache_1136_d
 .text          0x0000bb80       0x20 /home/marko/Programming/QNX_SDP/ide-5.0-workspace/ti-am335x-beaglebone-SDP6.6/src/hardware/startup/lib/arm/a.le.v7/libstartup.a(callout_cache_720.o)
                0x0000bb80                cache_720
 .text          0x0000bba0       0x9c /home/marko/Programming/QNX_SDP/ide-5.0-workspace/ti-am335x-beaglebone-SDP6.6/src/hardware/startup/lib/arm/a.le.v7/libstartup.a(callout_cache_920.o)
                0x0000bba0                cache_920_i
                0x0000bbdc                cache_920_d
 .text          0x0000bc3c       0x9c /home/marko/Programming/QNX_SDP/ide-5.0-workspace/ti-am335x-beaglebone-SDP6.6/src/hardware/startup/lib/arm/a.le.v7/libstartup.a(callout_cache_925.o)
                0x0000bc3c                cache_925_i
                0x0000bc78                cache_925_d
 .text          0x0000bcd8       0xd8 /home/marko/Programming/QNX_SDP/ide-5.0-workspace/ti-am335x-beaglebone-SDP6.6/src/hardware/startup/lib/arm/a.le.v7/libstartup.a(callout_cache_926.o)
                0x0000bcd8                cache_926_i
                0x0000bd24                cache_926_d
 .text          0x0000bdb0       0xc8 /home/marko/Programming/QNX_SDP/ide-5.0-workspace/ti-am335x-beaglebone-SDP6.6/src/hardware/startup/lib/arm/a.le.v7/libstartup.a(callout_cache_a15.o)
                0x0000bdb0                cache_a15_i
                0x0000be1c                cache_a15_d
 .text          0x0000be78       0xc8 /home/marko/Programming/QNX_SDP/ide-5.0-workspace/ti-am335x-beaglebone-SDP6.6/src/hardware/startup/lib/arm/a.le.v7/libstartup.a(callout_cache_a7.o)
                0x0000be78                cache_a7_i
                0x0000bee4                cache_a7_d
 .text          0x0000bf40       0xa0 /home/marko/Programming/QNX_SDP/ide-5.0-workspace/ti-am335x-beaglebone-SDP6.6/src/hardware/startup/lib/arm/a.le.v7/libstartup.a(callout_cache_a8.o)
                0x0000bf40                cache_a8_i
                0x0000bf8c                cache_a8_d
 .text          0x0000bfe0       0x84 /home/marko/Programming/QNX_SDP/ide-5.0-workspace/ti-am335x-beaglebone-SDP6.6/src/hardware/startup/lib/arm/a.le.v7/libstartup.a(callout_cache_mp11.o)
                0x0000bfe0                cache_mp11_i
                0x0000c010                cache_mp11_d
 .text          0x0000c064       0x7c /home/marko/Programming/QNX_SDP/ide-5.0-workspace/ti-am335x-beaglebone-SDP6.6/src/hardware/startup/lib/arm/a.le.v7/libstartup.a(callout_cache_sa.o)
                0x0000c064                cache_sa_i
                0x0000c07c                cache_sa_d
 .text          0x0000c0e0       0xb4 /home/marko/Programming/QNX_SDP/ide-5.0-workspace/ti-am335x-beaglebone-SDP6.6/src/hardware/startup/lib/arm/a.le.v7/libstartup.a(callout_cache_xsc3.o)
                0x0000c0e0                cache_xsc3_i
                0x0000c124                cache_xsc3_d
 .text          0x0000c194       0xa4 /home/marko/Programming/QNX_SDP/ide-5.0-workspace/ti-am335x-beaglebone-SDP6.6/src/hardware/startup/lib/arm/a.le.v7/libstartup.a(callout_cache_xscale.o)
                0x0000c194                cache_xscale_i
                0x0000c1d4                cache_xscale_d
 .text          0x0000c238       0x68 /home/marko/Programming/QNX_SDP/ide-5.0-workspace/ti-am335x-beaglebone-SDP6.6/src/hardware/startup/lib/arm/a.le.v7/libstartup.a(callout_page_a9mp.o)
                0x0000c238                page_flush_a9mp
                0x0000c290                page_flush_deferred_a9mp
 .text          0x0000c2a0       0x64 /home/marko/Programming/QNX_SDP/ide-5.0-workspace/ti-am335x-beaglebone-SDP6.6/src/hardware/startup/lib/arm/a.le.v7/libstartup.a(callout_page_a9up.o)
                0x0000c2a0                page_flush_a9up
                0x0000c2f4                page_flush_deferred_a9up
 .text          0x0000c304       0x58 /home/marko/Programming/QNX_SDP/ide-5.0-workspace/ti-am335x-beaglebone-SDP6.6/src/hardware/startup/lib/arm/a.le.v7/libstartup.a(callout_page_sheeva_v6.o)
                0x0000c304                page_flush_sheeva_v6
                0x0000c34c                page_flush_deferred_sheeva_v6
 .text          0x0000c35c       0x54 /home/marko/Programming/QNX_SDP/ide-5.0-workspace/ti-am335x-beaglebone-SDP6.6/src/hardware/startup/lib/arm/a.le.v7/libstartup.a(callout_page_sheeva_v7.o)
                0x0000c35c                page_flush_sheeva_v7
                0x0000c3a0                page_flush_deferred_sheeva_v7
 .text          0x0000c3b0       0x30 /home/marko/Programming/QNX_SDP/ide-5.0-workspace/ti-am335x-beaglebone-SDP6.6/src/hardware/startup/lib/arm/a.le.v7/libstartup.a(callout_power_sheeva_v6.o)
                0x0000c3b0                power_sheeva_v6
 .text          0x0000c3e0       0x30 /home/marko/Programming/QNX_SDP/ide-5.0-workspace/ti-am335x-beaglebone-SDP6.6/src/hardware/startup/lib/arm/a.le.v7/libstartup.a(callout_power_sheeva_v7.o)
                0x0000c3e0                power_sheeva_v7
 .text          0x0000c410        0x0 /home/marko/Programming/QNX_SDP/ide-5.0-workspace/ti-am335x-beaglebone-SDP6.6/src/hardware/startup/lib/arm/a.le.v7/libstartup.a(armv_cache_a9mp.o)
 .text          0x0000c410        0x0 /home/marko/Programming/QNX_SDP/ide-5.0-workspace/ti-am335x-beaglebone-SDP6.6/src/hardware/startup/lib/arm/a.le.v7/libstartup.a(armv_cache_a9up.o)
 .text          0x0000c410        0x0 /home/marko/Programming/QNX_SDP/ide-5.0-workspace/ti-am335x-beaglebone-SDP6.6/src/hardware/startup/lib/arm/a.le.v7/libstartup.a(armv_cache_sheeva_v6.o)
 .text          0x0000c410        0x0 /home/marko/Programming/QNX_SDP/ide-5.0-workspace/ti-am335x-beaglebone-SDP6.6/src/hardware/startup/lib/arm/a.le.v7/libstartup.a(armv_cache_sheeva_v7.o)
 .text          0x0000c410       0xb8 /home/marko/Programming/QNX_SDP/ide-5.0-workspace/ti-am335x-beaglebone-SDP6.6/src/hardware/startup/lib/arm/a.le.v7/libstartup.a(callout_cache_a9mp.o)
                0x0000c410                cache_a9mp_i
                0x0000c468                cache_a9mp_d
 .text          0x0000c4c8       0xb4 /home/marko/Programming/QNX_SDP/ide-5.0-workspace/ti-am335x-beaglebone-SDP6.6/src/hardware/startup/lib/arm/a.le.v7/libstartup.a(callout_cache_a9up.o)
                0x0000c4c8                cache_a9up_i
                0x0000c520                cache_a9up_d
 .text          0x0000c57c       0xc8 /home/marko/Programming/QNX_SDP/ide-5.0-workspace/ti-am335x-beaglebone-SDP6.6/src/hardware/startup/lib/arm/a.le.v7/libstartup.a(callout_cache_sheeva_v6.o)
                0x0000c57c                cache_sheeva_i_v6
                0x0000c5c0                cache_sheeva_d_v6
 .text          0x0000c644       0xe0 /home/marko/Programming/QNX_SDP/ide-5.0-workspace/ti-am335x-beaglebone-SDP6.6/src/hardware/startup/lib/arm/a.le.v7/libstartup.a(callout_cache_sheeva_v7.o)
                0x0000c644                cache_sheeva_i_v7
                0x0000c69c                cache_sheeva_d_v7
 .text          0x0000c724      0x5a0 /home/marko/Programming/QNX_SDP/qnx660/target/qnx6/armle-v7/usr/lib/libucl.a(n2b_d.o)
                0x0000c724                ucl_nrv2b_decompress_8
                0x0000c8b6                ucl_nrv2b_decompress_le16
                0x0000caa2                ucl_nrv2b_decompress_le32
 .text          0x0000ccc4      0x20c /home/marko/Programming/QNX_SDP/qnx660/host/linux/x86/usr/lib/gcc/arm-unknown-nto-qnx6.6.0eabi/4.7.3//libgcc.a(_udivsi3.o)
                0x0000ccc4                __udivsi3
                0x0000ccc4                __aeabi_uidiv
                0x0000ceb0                __aeabi_uidivmod
 .text          0x0000ced0        0x8 /home/marko/Programming/QNX_SDP/qnx660/host/linux/x86/usr/lib/gcc/arm-unknown-nto-qnx6.6.0eabi/4.7.3//libgcc.a(_dvmd_nto.o)
                0x0000ced0                __aeabi_ldiv0
                0x0000ced0                __div0
                0x0000ced0                __aeabi_idiv0
 .text          0x0000ced8       0x3c /home/marko/Programming/QNX_SDP/qnx660/host/linux/x86/usr/lib/gcc/arm-unknown-nto-qnx6.6.0eabi/4.7.3//libgcc.a(_aeabi_uldivmod.o)
                0x0000ced8                __aeabi_uldivmod
 .text          0x0000cf14       0x78 /home/marko/Programming/QNX_SDP/qnx660/host/linux/x86/usr/lib/gcc/arm-unknown-nto-qnx6.6.0eabi/4.7.3//libgcc.a(bpabi.o)
                0x0000cf14                __gnu_ldivmod_helper
                0x0000cf50                __gnu_uldivmod_helper
 .text          0x0000cf8c      0x4c8 /home/marko/Programming/QNX_SDP/qnx660/host/linux/x86/usr/lib/gcc/arm-unknown-nto-qnx6.6.0eabi/4.7.3//libgcc.a(_divdi3.o)
                0x0000cf8c                __divdi3
 .text          0x0000d454      0x464 /home/marko/Programming/QNX_SDP/qnx660/host/linux/x86/usr/lib/gcc/arm-unknown-nto-qnx6.6.0eabi/4.7.3//libgcc.a(_udivdi3.o)
                0x0000d454                __udivdi3
 .text          0x0000d8b8      0xeb0 /home/marko/Programming/QNX_SDP/qnx660/host/linux/x86/usr/lib/gcc/arm-unknown-nto-qnx6.6.0eabi/4.7.3//libgcc.a(unwind-arm.o)
                0x0000dc98                __aeabi_unwind_cpp_pr2
                0x0000dca0                __aeabi_unwind_cpp_pr1
                0x0000dca8                __aeabi_unwind_cpp_pr0
                0x0000e118                _Unwind_GetCFA
                0x0000e120                __gnu_Unwind_RaiseException
                0x0000e1c4                __gnu_Unwind_ForcedUnwind
                0x0000e1e8                __gnu_Unwind_Resume
                0x0000e25c                __gnu_Unwind_Resume_or_Rethrow
                0x0000e27c                _Unwind_Complete
                0x0000e280                _Unwind_DeleteException
                0x0000e2a0                __gnu_Unwind_Backtrace
                0x0000e358                _Unwind_VRS_Get
                0x0000e39c                _Unwind_VRS_Set
                0x0000e3e0                _Unwind_VRS_Pop
 .text          0x0000e768      0x1a8 /home/marko/Programming/QNX_SDP/qnx660/host/linux/x86/usr/lib/gcc/arm-unknown-nto-qnx6.6.0eabi/4.7.3//libgcc.a(libunwind.o)
                0x0000e768                __restore_core_regs
                0x0000e768                restore_core_regs
                0x0000e77c                __gnu_Unwind_Restore_VFP
                0x0000e784                __gnu_Unwind_Save_VFP
                0x0000e78c                __gnu_Unwind_Restore_VFP_D
                0x0000e794                __gnu_Unwind_Save_VFP_D
                0x0000e79c                __gnu_Unwind_Restore_VFP_D_16_to_31
                0x0000e7a4                __gnu_Unwind_Save_VFP_D_16_to_31
                0x0000e7ac                __gnu_Unwind_Restore_WMMXD
                0x0000e7f0                __gnu_Unwind_Save_WMMXD
                0x0000e834                __gnu_Unwind_Restore_WMMXC
                0x0000e848                __gnu_Unwind_Save_WMMXC
                0x0000e85c                ___Unwind_RaiseException
                0x0000e85c                _Unwind_RaiseException
                0x0000e880                ___Unwind_Resume
                0x0000e880                _Unwind_Resume
                0x0000e8a4                _Unwind_Resume_or_Rethrow
                0x0000e8a4                ___Unwind_Resume_or_Rethrow
                0x0000e8c8                ___Unwind_ForcedUnwind
                0x0000e8c8                _Unwind_ForcedUnwind
                0x0000e8ec                _Unwind_Backtrace
                0x0000e8ec                ___Unwind_Backtrace
 .text          0x0000e910      0x7c4 /home/marko/Programming/QNX_SDP/qnx660/host/linux/x86/usr/lib/gcc/arm-unknown-nto-qnx6.6.0eabi/4.7.3//libgcc.a(pr-support.o)
                0x0000e910                __gnu_unwind_execute
                0x0000f018                __gnu_unwind_frame
                0x0000f058                _Unwind_GetRegionStart
                0x0000f088                _Unwind_GetLanguageSpecificData
                0x0000f0c4                _Unwind_GetDataRelBase
                0x0000f0cc                _Unwind_GetTextRelBase
 .text          0x0000f0d4      0x14c /home/marko/Programming/QNX_SDP/qnx660/target/qnx6/armle-v7/lib/libc.a(hwi_find_item.o)
                0x0000f0d4                hwi_find_item
 .text          0x0000f220       0x14 /home/marko/Programming/QNX_SDP/qnx660/target/qnx6/armle-v7/lib/libc.a(hwi_off2tag.o)
                0x0000f220                hwi_off2tag
 .text          0x0000f234       0x14 /home/marko/Programming/QNX_SDP/qnx660/target/qnx6/armle-v7/lib/libc.a(hwi_tag2off.o)
                0x0000f234                hwi_tag2off
 .text          0x0000f248       0x74 /home/marko/Programming/QNX_SDP/qnx660/target/qnx6/armle-v7/lib/libc.a(memcmp.o)
 .text          0x0000f2bc       0x94 /home/marko/Programming/QNX_SDP/qnx660/target/qnx6/armle-v7/lib/libc.a(memset.o)
                0x0000f2bc                memset
 .text          0x0000f350       0x50 /home/marko/Programming/QNX_SDP/qnx660/target/qnx6/armle-v7/lib/libc.a(strchr.o)
                0x0000f350                strchr
 .text          0x0000f3a0       0x44 /home/marko/Programming/QNX_SDP/qnx660/target/qnx6/armle-v7/lib/libc.a(strcmp.o)
                0x0000f3a0                strcmp
 .text          0x0000f3e4       0x1c /home/marko/Programming/QNX_SDP/qnx660/target/qnx6/armle-v7/lib/libc.a(strcpy.o)
                0x0000f3e4                strcpy
 .text          0x0000f400       0x34 /home/marko/Programming/QNX_SDP/qnx660/target/qnx6/armle-v7/lib/libc.a(strlen.o)
                0x0000f400                strlen
 .text          0x0000f434        0x0 /home/marko/Programming/QNX_SDP/qnx660/target/qnx6/armle-v7/lib/libc.a(__cpu_flags.o)
 .text          0x0000f434        0x0 /home/marko/Programming/QNX_SDP/qnx660/target/qnx6/armle-v7/lib/libc.a(__stack_chk_guard.o)
 *(.gnu.warning)

.text.startup   0x00000000      0x170
 .text.startup  0x00000000      0x170 main.o
                0x00000000                main

.text.hot       0x00000000      0x24c
 .text.hot      0x00000000      0x24c /home/marko/Programming/QNX_SDP/qnx660/target/qnx6/armle-v7/lib/libc.a(memcmp.o)
                0x00000000                memcmp

.fini
 *(SORT(.fini))

.rodata         0x00000000      0xdd4
 *(.rodata)
 .rodata        0x00000000       0x18 detectid-bone.o
 .rodata        0x00000018      0x138 init_intrinfo.o
 .rodata        0x00000150       0x18 init_qtime_am335x.o
 .rodata        0x00000168       0x28 main.o
                0x00000168                callouts
                0x00000170                debug_devices
 .rodata        0x00000190        0x8 /home/marko/Programming/QNX_SDP/ide-5.0-workspace/ti-am335x-beaglebone-SDP6.6/src/hardware/startup/lib/arm/a.le.v7/libstartup.a(add_interrupt.o)
 .rodata        0x00000198        0x8 /home/marko/Programming/QNX_SDP/ide-5.0-workspace/ti-am335x-beaglebone-SDP6.6/src/hardware/startup/lib/arm/a.le.v7/libstartup.a(init_system_private.o)
 .rodata        0x000001a0       0x14 /home/marko/Programming/QNX_SDP/ide-5.0-workspace/ti-am335x-beaglebone-SDP6.6/src/hardware/startup/lib/arm/a.le.v7/libstartup.a(kprintf.o)
 .rodata        0x000001b4       0x10 /home/marko/Programming/QNX_SDP/ide-5.0-workspace/ti-am335x-beaglebone-SDP6.6/src/hardware/startup/lib/arm/a.le.v7/libstartup.a(map_callout_io.o)
 .rodata        0x000001c4       0x14 /home/marko/Programming/QNX_SDP/ide-5.0-workspace/ti-am335x-beaglebone-SDP6.6/src/hardware/startup/lib/arm/a.le.v7/libstartup.a(restore_ifs.o)
 .rodata        0x000001d8       0x18 /home/marko/Programming/QNX_SDP/ide-5.0-workspace/ti-am335x-beaglebone-SDP6.6/src/hardware/startup/lib/arm/a.le.v7/libstartup.a(syspage_memory.o)
 .rodata        0x000001f0        0x8 /home/marko/Programming/QNX_SDP/ide-5.0-workspace/ti-am335x-beaglebone-SDP6.6/src/hardware/startup/lib/arm/a.le.v7/libstartup.a(as_find.o)
 .rodata        0x000001f8       0x30 /home/marko/Programming/QNX_SDP/ide-5.0-workspace/ti-am335x-beaglebone-SDP6.6/src/hardware/startup/lib/arm/a.le.v7/libstartup.a(calc_time_t.o)
 .rodata        0x00000228       0x10 /home/marko/Programming/QNX_SDP/ide-5.0-workspace/ti-am335x-beaglebone-SDP6.6/src/hardware/startup/lib/arm/a.le.v7/libstartup.a(cpu_startnext.o)
 .rodata        0x00000238       0x40 /home/marko/Programming/QNX_SDP/ide-5.0-workspace/ti-am335x-beaglebone-SDP6.6/src/hardware/startup/lib/arm/a.le.v7/libstartup.a(armv_chip_1020.o)
                0x00000238                armv_chip_1020
 .rodata        0x00000278       0x40 /home/marko/Programming/QNX_SDP/ide-5.0-workspace/ti-am335x-beaglebone-SDP6.6/src/hardware/startup/lib/arm/a.le.v7/libstartup.a(armv_chip_1022.o)
                0x00000278                armv_chip_1022
 .rodata        0x000002b8       0x40 /home/marko/Programming/QNX_SDP/ide-5.0-workspace/ti-am335x-beaglebone-SDP6.6/src/hardware/startup/lib/arm/a.le.v7/libstartup.a(armv_chip_1136.o)
                0x000002b8                armv_chip_1136
 .rodata        0x000002f8       0x40 /home/marko/Programming/QNX_SDP/ide-5.0-workspace/ti-am335x-beaglebone-SDP6.6/src/hardware/startup/lib/arm/a.le.v7/libstartup.a(armv_chip_1176.o)
                0x000002f8                armv_chip_1176
 .rodata        0x00000338       0x40 /home/marko/Programming/QNX_SDP/ide-5.0-workspace/ti-am335x-beaglebone-SDP6.6/src/hardware/startup/lib/arm/a.le.v7/libstartup.a(armv_chip_1200.o)
                0x00000338                armv_chip_ixp1200
 .rodata        0x00000378       0x40 /home/marko/Programming/QNX_SDP/ide-5.0-workspace/ti-am335x-beaglebone-SDP6.6/src/hardware/startup/lib/arm/a.le.v7/libstartup.a(armv_chip_23xx.o)
                0x00000378                armv_chip_ixp23xx
 .rodata        0x000003b8       0x40 /home/marko/Programming/QNX_SDP/ide-5.0-workspace/ti-am335x-beaglebone-SDP6.6/src/hardware/startup/lib/arm/a.le.v7/libstartup.a(armv_chip_2400.o)
                0x000003b8                armv_chip_ixp2400
 .rodata        0x000003f8       0x40 /home/marko/Programming/QNX_SDP/ide-5.0-workspace/ti-am335x-beaglebone-SDP6.6/src/hardware/startup/lib/arm/a.le.v7/libstartup.a(armv_chip_2800.o)
                0x000003f8                armv_chip_ixp2800
 .rodata        0x00000438       0x40 /home/marko/Programming/QNX_SDP/ide-5.0-workspace/ti-am335x-beaglebone-SDP6.6/src/hardware/startup/lib/arm/a.le.v7/libstartup.a(armv_chip_425.o)
                0x00000438                armv_chip_ixp425
 .rodata        0x00000478       0x40 /home/marko/Programming/QNX_SDP/ide-5.0-workspace/ti-am335x-beaglebone-SDP6.6/src/hardware/startup/lib/arm/a.le.v7/libstartup.a(armv_chip_465.o)
                0x00000478                armv_chip_ixp465
 .rodata        0x000004b8       0x40 /home/marko/Programming/QNX_SDP/ide-5.0-workspace/ti-am335x-beaglebone-SDP6.6/src/hardware/startup/lib/arm/a.le.v7/libstartup.a(armv_chip_720.o)
                0x000004b8                armv_chip_720
 .rodata        0x000004f8       0x40 /home/marko/Programming/QNX_SDP/ide-5.0-workspace/ti-am335x-beaglebone-SDP6.6/src/hardware/startup/lib/arm/a.le.v7/libstartup.a(armv_chip_80200.o)
                0x000004f8                armv_chip_80200
 .rodata        0x00000538       0x40 /home/marko/Programming/QNX_SDP/ide-5.0-workspace/ti-am335x-beaglebone-SDP6.6/src/hardware/startup/lib/arm/a.le.v7/libstartup.a(armv_chip_920.o)
                0x00000538                armv_chip_920
 .rodata        0x00000578       0x40 /home/marko/Programming/QNX_SDP/ide-5.0-workspace/ti-am335x-beaglebone-SDP6.6/src/hardware/startup/lib/arm/a.le.v7/libstartup.a(armv_chip_922.o)
                0x00000578                armv_chip_922
 .rodata        0x000005b8       0x40 /home/marko/Programming/QNX_SDP/ide-5.0-workspace/ti-am335x-beaglebone-SDP6.6/src/hardware/startup/lib/arm/a.le.v7/libstartup.a(armv_chip_925.o)
                0x000005b8                armv_chip_925
 .rodata        0x000005f8       0x40 /home/marko/Programming/QNX_SDP/ide-5.0-workspace/ti-am335x-beaglebone-SDP6.6/src/hardware/startup/lib/arm/a.le.v7/libstartup.a(armv_chip_926.o)
                0x000005f8                armv_chip_926
 .rodata        0x00000638       0x80 /home/marko/Programming/QNX_SDP/ide-5.0-workspace/ti-am335x-beaglebone-SDP6.6/src/hardware/startup/lib/arm/a.le.v7/libstartup.a(armv_chip_a15.o)
                0x00000638                armv_chip_a15_32
                0x00000678                armv_chip_a15
 .rodata        0x000006b8       0x80 /home/marko/Programming/QNX_SDP/ide-5.0-workspace/ti-am335x-beaglebone-SDP6.6/src/hardware/startup/lib/arm/a.le.v7/libstartup.a(armv_chip_a7.o)
                0x000006b8                armv_chip_a7_32
                0x000006f8                armv_chip_a7
 .rodata        0x00000738       0x40 /home/marko/Programming/QNX_SDP/ide-5.0-workspace/ti-am335x-beaglebone-SDP6.6/src/hardware/startup/lib/arm/a.le.v7/libstartup.a(armv_chip_a8.o)
                0x00000738                armv_chip_a8
 .rodata        0x00000778       0x40 /home/marko/Programming/QNX_SDP/ide-5.0-workspace/ti-am335x-beaglebone-SDP6.6/src/hardware/startup/lib/arm/a.le.v7/libstartup.a(armv_chip_a9.o)
                0x00000778                armv_chip_a9
 .rodata        0x000007b8       0x40 /home/marko/Programming/QNX_SDP/ide-5.0-workspace/ti-am335x-beaglebone-SDP6.6/src/hardware/startup/lib/arm/a.le.v7/libstartup.a(armv_chip_mp11.o)
                0x000007b8                armv_chip_mp11
 .rodata        0x000007f8       0x40 /home/marko/Programming/QNX_SDP/ide-5.0-workspace/ti-am335x-beaglebone-SDP6.6/src/hardware/startup/lib/arm/a.le.v7/libstartup.a(armv_chip_pxa210b.o)
                0x000007f8                armv_chip_pxa210b
 .rodata        0x00000838       0x40 /home/marko/Programming/QNX_SDP/ide-5.0-workspace/ti-am335x-beaglebone-SDP6.6/src/hardware/startup/lib/arm/a.le.v7/libstartup.a(armv_chip_pxa210c.o)
                0x00000838                armv_chip_pxa210c
 .rodata        0x00000878       0x40 /home/marko/Programming/QNX_SDP/ide-5.0-workspace/ti-am335x-beaglebone-SDP6.6/src/hardware/startup/lib/arm/a.le.v7/libstartup.a(armv_chip_pxa250a.o)
                0x00000878                armv_chip_pxa250a
 .rodata        0x000008b8       0x40 /home/marko/Programming/QNX_SDP/ide-5.0-workspace/ti-am335x-beaglebone-SDP6.6/src/hardware/startup/lib/arm/a.le.v7/libstartup.a(armv_chip_pxa250b.o)
                0x000008b8                armv_chip_pxa250b
 .rodata        0x000008f8       0x40 /home/marko/Programming/QNX_SDP/ide-5.0-workspace/ti-am335x-beaglebone-SDP6.6/src/hardware/startup/lib/arm/a.le.v7/libstartup.a(armv_chip_pxa255.o)
                0x000008f8                armv_chip_pxa255
 .rodata        0x00000938       0x40 /home/marko/Programming/QNX_SDP/ide-5.0-workspace/ti-am335x-beaglebone-SDP6.6/src/hardware/startup/lib/arm/a.le.v7/libstartup.a(armv_chip_pxa270.o)
                0x00000938                armv_chip_pxa270
 .rodata        0x00000978       0x40 /home/marko/Programming/QNX_SDP/ide-5.0-workspace/ti-am335x-beaglebone-SDP6.6/src/hardware/startup/lib/arm/a.le.v7/libstartup.a(armv_chip_sa1100.o)
                0x00000978                armv_chip_sa1100
 .rodata        0x000009b8       0x40 /home/marko/Programming/QNX_SDP/ide-5.0-workspace/ti-am335x-beaglebone-SDP6.6/src/hardware/startup/lib/arm/a.le.v7/libstartup.a(armv_chip_sa1110.o)
                0x000009b8                armv_chip_sa1110
 .rodata        0x000009f8       0x40 /home/marko/Programming/QNX_SDP/ide-5.0-workspace/ti-am335x-beaglebone-SDP6.6/src/hardware/startup/lib/arm/a.le.v7/libstartup.a(armv_chip_sheeva.o)
                0x000009f8                armv_chip_sheeva
 .rodata        0x00000a38       0x18 /home/marko/Programming/QNX_SDP/ide-5.0-workspace/ti-am335x-beaglebone-SDP6.6/src/hardware/startup/lib/arm/a.le.v7/libstartup.a(armv_pte_ixp2xxx.o)
                0x00000a38                armv_pte_ixp2xxx
 .rodata        0x00000a50       0x18 /home/marko/Programming/QNX_SDP/ide-5.0-workspace/ti-am335x-beaglebone-SDP6.6/src/hardware/startup/lib/arm/a.le.v7/libstartup.a(armv_pte_v4wb.o)
                0x00000a50                armv_pte_v4wb
 .rodata        0x00000a68       0x18 /home/marko/Programming/QNX_SDP/ide-5.0-workspace/ti-am335x-beaglebone-SDP6.6/src/hardware/startup/lib/arm/a.le.v7/libstartup.a(armv_pte_v4wt.o)
                0x00000a68                armv_pte_v4wt
 .rodata        0x00000a80       0x18 /home/marko/Programming/QNX_SDP/ide-5.0-workspace/ti-am335x-beaglebone-SDP6.6/src/hardware/startup/lib/arm/a.le.v7/libstartup.a(armv_pte_v5wa.o)
                0x00000a80                armv_pte_v5wa
 .rodata        0x00000a98       0x18 /home/marko/Programming/QNX_SDP/ide-5.0-workspace/ti-am335x-beaglebone-SDP6.6/src/hardware/startup/lib/arm/a.le.v7/libstartup.a(armv_pte_v5wb.o)
                0x00000a98                armv_pte_v5wb
 .rodata        0x00000ab0       0x18 /home/marko/Programming/QNX_SDP/ide-5.0-workspace/ti-am335x-beaglebone-SDP6.6/src/hardware/startup/lib/arm/a.le.v7/libstartup.a(armv_pte_v5wt.o)
                0x00000ab0                armv_pte_v5wt
 .rodata        0x00000ac8       0x18 /home/marko/Programming/QNX_SDP/ide-5.0-workspace/ti-am335x-beaglebone-SDP6.6/src/hardware/startup/lib/arm/a.le.v7/libstartup.a(armv_pte_v6mp.o)
                0x00000ac8                armv_pte_v6mp
 .rodata        0x00000ae0       0x18 /home/marko/Programming/QNX_SDP/ide-5.0-workspace/ti-am335x-beaglebone-SDP6.6/src/hardware/startup/lib/arm/a.le.v7/libstartup.a(armv_pte_v6wb.o)
                0x00000ae0                armv_pte_v6wb
 .rodata        0x00000af8       0x18 /home/marko/Programming/QNX_SDP/ide-5.0-workspace/ti-am335x-beaglebone-SDP6.6/src/hardware/startup/lib/arm/a.le.v7/libstartup.a(armv_pte_v6wt.o)
                0x00000af8                armv_pte_v6wt
 .rodata        0x00000b10       0x18 /home/marko/Programming/QNX_SDP/ide-5.0-workspace/ti-am335x-beaglebone-SDP6.6/src/hardware/startup/lib/arm/a.le.v7/libstartup.a(armv_pte_v7mp.o)
                0x00000b10                armv_pte_v7mp
 .rodata        0x00000b28       0x18 /home/marko/Programming/QNX_SDP/ide-5.0-workspace/ti-am335x-beaglebone-SDP6.6/src/hardware/startup/lib/arm/a.le.v7/libstartup.a(armv_pte_v7wa.o)
                0x00000b28                armv_pte_v7wa
 .rodata        0x00000b40       0x18 /home/marko/Programming/QNX_SDP/ide-5.0-workspace/ti-am335x-beaglebone-SDP6.6/src/hardware/startup/lib/arm/a.le.v7/libstartup.a(armv_pte_v7wb.o)
                0x00000b40                armv_pte_v7wb
 .rodata        0x00000b58       0x18 /home/marko/Programming/QNX_SDP/ide-5.0-workspace/ti-am335x-beaglebone-SDP6.6/src/hardware/startup/lib/arm/a.le.v7/libstartup.a(armv_pte_v7wt.o)
                0x00000b58                armv_pte_v7wt
 .rodata        0x00000b70       0x18 /home/marko/Programming/QNX_SDP/ide-5.0-workspace/ti-am335x-beaglebone-SDP6.6/src/hardware/startup/lib/arm/a.le.v7/libstartup.a(armv_pte_xsc3.o)
                0x00000b70                armv_pte_xsc3
 .rodata        0x00000b88       0x10 /home/marko/Programming/QNX_SDP/ide-5.0-workspace/ti-am335x-beaglebone-SDP6.6/src/hardware/startup/lib/arm/a.le.v7/libstartup.a(armv_cache_1020.o)
                0x00000b88                armv_cache_1020
 .rodata        0x00000b98       0x10 /home/marko/Programming/QNX_SDP/ide-5.0-workspace/ti-am335x-beaglebone-SDP6.6/src/hardware/startup/lib/arm/a.le.v7/libstartup.a(armv_cache_1136.o)
                0x00000b98                armv_cache_1136
 .rodata        0x00000ba8       0x1c /home/marko/Programming/QNX_SDP/ide-5.0-workspace/ti-am335x-beaglebone-SDP6.6/src/hardware/startup/lib/arm/a.le.v7/libstartup.a(armv_cache_720.o)
                0x00000ba8                armv_cache_720
 .rodata        0x00000bc4       0x10 /home/marko/Programming/QNX_SDP/ide-5.0-workspace/ti-am335x-beaglebone-SDP6.6/src/hardware/startup/lib/arm/a.le.v7/libstartup.a(armv_cache_920.o)
                0x00000bc4                armv_cache_920
 .rodata        0x00000bd4       0x10 /home/marko/Programming/QNX_SDP/ide-5.0-workspace/ti-am335x-beaglebone-SDP6.6/src/hardware/startup/lib/arm/a.le.v7/libstartup.a(armv_cache_925.o)
                0x00000bd4                armv_cache_925
 .rodata        0x00000be4       0x10 /home/marko/Programming/QNX_SDP/ide-5.0-workspace/ti-am335x-beaglebone-SDP6.6/src/hardware/startup/lib/arm/a.le.v7/libstartup.a(armv_cache_926.o)
                0x00000be4                armv_cache_926
 .rodata        0x00000bf4       0x10 /home/marko/Programming/QNX_SDP/ide-5.0-workspace/ti-am335x-beaglebone-SDP6.6/src/hardware/startup/lib/arm/a.le.v7/libstartup.a(armv_cache_a15.o)
                0x00000bf4                armv_cache_a15
 .rodata        0x00000c04       0x10 /home/marko/Programming/QNX_SDP/ide-5.0-workspace/ti-am335x-beaglebone-SDP6.6/src/hardware/startup/lib/arm/a.le.v7/libstartup.a(armv_cache_a7.o)
                0x00000c04                armv_cache_a7
 .rodata        0x00000c14       0x10 /home/marko/Programming/QNX_SDP/ide-5.0-workspace/ti-am335x-beaglebone-SDP6.6/src/hardware/startup/lib/arm/a.le.v7/libstartup.a(armv_cache_a8.o)
                0x00000c14                armv_cache_a8
 .rodata        0x00000c24       0x10 /home/marko/Programming/QNX_SDP/ide-5.0-workspace/ti-am335x-beaglebone-SDP6.6/src/hardware/startup/lib/arm/a.le.v7/libstartup.a(armv_cache_mp11.o)
                0x00000c24                armv_cache_mp11
 .rodata        0x00000c34       0x28 /home/marko/Programming/QNX_SDP/ide-5.0-workspace/ti-am335x-beaglebone-SDP6.6/src/hardware/startup/lib/arm/a.le.v7/libstartup.a(armv_cache_sa1100.o)
                0x00000c34                armv_cache_sa1100
                0x00000c44                sa1100_icache_config
                0x00000c50                sa1100_dcache_config
 .rodata        0x00000c5c       0x10 /home/marko/Programming/QNX_SDP/ide-5.0-workspace/ti-am335x-beaglebone-SDP6.6/src/hardware/startup/lib/arm/a.le.v7/libstartup.a(armv_cache_xsc3.o)
                0x00000c5c                armv_cache_xsc3
 .rodata        0x00000c6c       0x10 /home/marko/Programming/QNX_SDP/ide-5.0-workspace/ti-am335x-beaglebone-SDP6.6/src/hardware/startup/lib/arm/a.le.v7/libstartup.a(armv_cache_xscale.o)
                0x00000c6c                armv_cache_xscale
 .rodata        0x00000c7c       0x40 /home/marko/Programming/QNX_SDP/ide-5.0-workspace/ti-am335x-beaglebone-SDP6.6/src/hardware/startup/lib/arm/a.le.v7/libstartup.a(armv_chip_a9mp.o)
                0x00000c7c                armv_chip_a9mp
 .rodata        0x00000cbc       0x40 /home/marko/Programming/QNX_SDP/ide-5.0-workspace/ti-am335x-beaglebone-SDP6.6/src/hardware/startup/lib/arm/a.le.v7/libstartup.a(armv_chip_a9up.o)
                0x00000cbc                armv_chip_a9up
 .rodata        0x00000cfc       0x40 /home/marko/Programming/QNX_SDP/ide-5.0-workspace/ti-am335x-beaglebone-SDP6.6/src/hardware/startup/lib/arm/a.le.v7/libstartup.a(armv_chip_sheeva_v6.o)
                0x00000cfc                armv_chip_sheeva_v6
 .rodata        0x00000d3c       0x40 /home/marko/Programming/QNX_SDP/ide-5.0-workspace/ti-am335x-beaglebone-SDP6.6/src/hardware/startup/lib/arm/a.le.v7/libstartup.a(armv_chip_sheeva_v7.o)
                0x00000d3c                armv_chip_sheeva_v7
 .rodata        0x00000d7c       0x18 /home/marko/Programming/QNX_SDP/ide-5.0-workspace/ti-am335x-beaglebone-SDP6.6/src/hardware/startup/lib/arm/a.le.v7/libstartup.a(armv_pte_v6wa.o)
                0x00000d7c                armv_pte_v6wa
 .rodata        0x00000d94       0x10 /home/marko/Programming/QNX_SDP/ide-5.0-workspace/ti-am335x-beaglebone-SDP6.6/src/hardware/startup/lib/arm/a.le.v7/libstartup.a(armv_cache_a9mp.o)
                0x00000d94                armv_cache_a9mp
 .rodata        0x00000da4       0x10 /home/marko/Programming/QNX_SDP/ide-5.0-workspace/ti-am335x-beaglebone-SDP6.6/src/hardware/startup/lib/arm/a.le.v7/libstartup.a(armv_cache_a9up.o)
                0x00000da4                armv_cache_a9up
 .rodata        0x00000db4       0x10 /home/marko/Programming/QNX_SDP/ide-5.0-workspace/ti-am335x-beaglebone-SDP6.6/src/hardware/startup/lib/arm/a.le.v7/libstartup.a(armv_cache_sheeva_v6.o)
                0x00000db4                armv_cache_sheeva_v6
 .rodata        0x00000dc4       0x10 /home/marko/Programming/QNX_SDP/ide-5.0-workspace/ti-am335x-beaglebone-SDP6.6/src/hardware/startup/lib/arm/a.le.v7/libstartup.a(armv_cache_sheeva_v7.o)
                0x00000dc4                armv_cache_sheeva_v7

.rodata.str1.4  0x00000000     0x2778
 .rodata.str1.4
                0x00000000      0x14c detectid-bone.o
 .rodata.str1.4
                0x0000014c      0xff8 init_clocks.o
 .rodata.str1.4
                0x00001144       0x48 init_pinmux.o
 .rodata.str1.4
                0x0000118c       0x48 init_raminfo.o
 .rodata.str1.4
                0x000011d4       0x78 main.o
 .rodata.str1.4
                0x0000124c       0x10 /home/marko/Programming/QNX_SDP/ide-5.0-workspace/ti-am335x-beaglebone-SDP6.6/src/hardware/startup/lib/arm/a.le.v7/libstartup.a(_main.o)
 .rodata.str1.4
                0x0000125c       0x30 /home/marko/Programming/QNX_SDP/ide-5.0-workspace/ti-am335x-beaglebone-SDP6.6/src/hardware/startup/lib/arm/a.le.v7/libstartup.a(callouts.o)
 .rodata.str1.4
                0x0000128c        0x4 /home/marko/Programming/QNX_SDP/ide-5.0-workspace/ti-am335x-beaglebone-SDP6.6/src/hardware/startup/lib/arm/a.le.v7/libstartup.a(common_options.o)
 .rodata.str1.4
                0x00001290        0x4 /home/marko/Programming/QNX_SDP/ide-5.0-workspace/ti-am335x-beaglebone-SDP6.6/src/hardware/startup/lib/arm/a.le.v7/libstartup.a(debug.o)
 .rodata.str1.4
                0x00001294        0x8 /home/marko/Programming/QNX_SDP/ide-5.0-workspace/ti-am335x-beaglebone-SDP6.6/src/hardware/startup/lib/arm/a.le.v7/libstartup.a(hw_rtc_dm816x.o)
 .rodata.str1.4
                0x0000129c       0x14 /home/marko/Programming/QNX_SDP/ide-5.0-workspace/ti-am335x-beaglebone-SDP6.6/src/hardware/startup/lib/arm/a.le.v7/libstartup.a(hwi_add_rtc.o)
 .rodata.str1.4
                0x000012b0        0x4 /home/marko/Programming/QNX_SDP/ide-5.0-workspace/ti-am335x-beaglebone-SDP6.6/src/hardware/startup/lib/arm/a.le.v7/libstartup.a(hwi_alloc.o)
 .rodata.str1.4
                0x000012b4        0xc /home/marko/Programming/QNX_SDP/ide-5.0-workspace/ti-am335x-beaglebone-SDP6.6/src/hardware/startup/lib/arm/a.le.v7/libstartup.a(hwi_find_as.o)
 .rodata.str1.4
                0x000012c0       0x30 /home/marko/Programming/QNX_SDP/ide-5.0-workspace/ti-am335x-beaglebone-SDP6.6/src/hardware/startup/lib/arm/a.le.v7/libstartup.a(init_cpuinfo.o)
 .rodata.str1.4
                0x000012f0       0x54 /home/marko/Programming/QNX_SDP/ide-5.0-workspace/ti-am335x-beaglebone-SDP6.6/src/hardware/startup/lib/arm/a.le.v7/libstartup.a(init_mmu.o)
 .rodata.str1.4
                0x00001344      0x164 /home/marko/Programming/QNX_SDP/ide-5.0-workspace/ti-am335x-beaglebone-SDP6.6/src/hardware/startup/lib/arm/a.le.v7/libstartup.a(init_system_private.o)
 .rodata.str1.4
                0x000014a8       0x64 /home/marko/Programming/QNX_SDP/ide-5.0-workspace/ti-am335x-beaglebone-SDP6.6/src/hardware/startup/lib/arm/a.le.v7/libstartup.a(load_ifs.o)
 .rodata.str1.4
                0x0000150c       0x24 /home/marko/Programming/QNX_SDP/ide-5.0-workspace/ti-am335x-beaglebone-SDP6.6/src/hardware/startup/lib/arm/a.le.v7/libstartup.a(map_callout_io.o)
 .rodata.str1.4
                0x00001530       0x9c /home/marko/Programming/QNX_SDP/ide-5.0-workspace/ti-am335x-beaglebone-SDP6.6/src/hardware/startup/lib/arm/a.le.v7/libstartup.a(omap_i2c.o)
 .rodata.str1.4
                0x000015cc      0x5dc /home/marko/Programming/QNX_SDP/ide-5.0-workspace/ti-am335x-beaglebone-SDP6.6/src/hardware/startup/lib/arm/a.le.v7/libstartup.a(print_sysp.o)
 .rodata.str1.4
                0x00001ba8       0xac /home/marko/Programming/QNX_SDP/ide-5.0-workspace/ti-am335x-beaglebone-SDP6.6/src/hardware/startup/lib/arm/a.le.v7/libstartup.a(ram.o)
 .rodata.str1.4
                0x00001c54      0x4b4 /home/marko/Programming/QNX_SDP/ide-5.0-workspace/ti-am335x-beaglebone-SDP6.6/src/hardware/startup/lib/arm/a.le.v7/libstartup.a(restore_ifs.o)
 .rodata.str1.4
                0x00002108       0x68 /home/marko/Programming/QNX_SDP/ide-5.0-workspace/ti-am335x-beaglebone-SDP6.6/src/hardware/startup/lib/arm/a.le.v7/libstartup.a(startnext.o)
 .rodata.str1.4
                0x00002170       0x64 /home/marko/Programming/QNX_SDP/ide-5.0-workspace/ti-am335x-beaglebone-SDP6.6/src/hardware/startup/lib/arm/a.le.v7/libstartup.a(syspage_memory.o)
 .rodata.str1.4
                0x000021d4       0x34 /home/marko/Programming/QNX_SDP/ide-5.0-workspace/ti-am335x-beaglebone-SDP6.6/src/hardware/startup/lib/arm/a.le.v7/libstartup.a(uncompress.o)
 .rodata.str1.4
                0x00002208        0x8 /home/marko/Programming/QNX_SDP/ide-5.0-workspace/ti-am335x-beaglebone-SDP6.6/src/hardware/startup/lib/arm/a.le.v7/libstartup.a(uncompress_ucl.o)
 .rodata.str1.4
                0x00002210       0xec /home/marko/Programming/QNX_SDP/ide-5.0-workspace/ti-am335x-beaglebone-SDP6.6/src/hardware/startup/lib/arm/a.le.v7/libstartup.a(arm_cache.o)
 .rodata.str1.4
                0x000022fc       0x34 /home/marko/Programming/QNX_SDP/ide-5.0-workspace/ti-am335x-beaglebone-SDP6.6/src/hardware/startup/lib/arm/a.le.v7/libstartup.a(arm_cpuspeed.o)
 .rodata.str1.4
                0x00002330       0x60 /home/marko/Programming/QNX_SDP/ide-5.0-workspace/ti-am335x-beaglebone-SDP6.6/src/hardware/startup/lib/arm/a.le.v7/libstartup.a(arm_pte.o)
 .rodata.str1.4
                0x00002390        0x4 /home/marko/Programming/QNX_SDP/ide-5.0-workspace/ti-am335x-beaglebone-SDP6.6/src/hardware/startup/lib/arm/a.le.v7/libstartup.a(as_add64.o)
 .rodata.str1.4
                0x00002394        0x8 /home/marko/Programming/QNX_SDP/ide-5.0-workspace/ti-am335x-beaglebone-SDP6.6/src/hardware/startup/lib/arm/a.le.v7/libstartup.a(as_default.o)
 .rodata.str1.4
                0x0000239c       0x18 /home/marko/Programming/QNX_SDP/ide-5.0-workspace/ti-am335x-beaglebone-SDP6.6/src/hardware/startup/lib/arm/a.le.v7/libstartup.a(as_find.o)
 .rodata.str1.4
                0x000023b4       0x4c /home/marko/Programming/QNX_SDP/ide-5.0-workspace/ti-am335x-beaglebone-SDP6.6/src/hardware/startup/lib/arm/a.le.v7/libstartup.a(cpu_startnext.o)
 .rodata.str1.4
                0x00002400       0x34 /home/marko/Programming/QNX_SDP/ide-5.0-workspace/ti-am335x-beaglebone-SDP6.6/src/hardware/startup/lib/arm/a.le.v7/libstartup.a(cpu_syspage_memory.o)
 .rodata.str1.4
                0x00002434        0x8 /home/marko/Programming/QNX_SDP/ide-5.0-workspace/ti-am335x-beaglebone-SDP6.6/src/hardware/startup/lib/arm/a.le.v7/libstartup.a(elf.o)
 .rodata.str1.4
                0x0000243c       0xec /home/marko/Programming/QNX_SDP/ide-5.0-workspace/ti-am335x-beaglebone-SDP6.6/src/hardware/startup/lib/arm/a.le.v7/libstartup.a(elf_map.o)
 .rodata.str1.4
                0x00002528       0x18 /home/marko/Programming/QNX_SDP/ide-5.0-workspace/ti-am335x-beaglebone-SDP6.6/src/hardware/startup/lib/arm/a.le.v7/libstartup.a(hwi_add_device.o)
 .rodata.str1.4
                0x00002540       0x18 /home/marko/Programming/QNX_SDP/ide-5.0-workspace/ti-am335x-beaglebone-SDP6.6/src/hardware/startup/lib/arm/a.le.v7/libstartup.a(hwi_default.o)
 .rodata.str1.4
                0x00002558        0xc /home/marko/Programming/QNX_SDP/ide-5.0-workspace/ti-am335x-beaglebone-SDP6.6/src/hardware/startup/lib/arm/a.le.v7/libstartup.a(hwitag_add_location.o)
 .rodata.str1.4
                0x00002564        0x8 /home/marko/Programming/QNX_SDP/ide-5.0-workspace/ti-am335x-beaglebone-SDP6.6/src/hardware/startup/lib/arm/a.le.v7/libstartup.a(armv_chip_1020.o)
 .rodata.str1.4
                0x0000256c        0x8 /home/marko/Programming/QNX_SDP/ide-5.0-workspace/ti-am335x-beaglebone-SDP6.6/src/hardware/startup/lib/arm/a.le.v7/libstartup.a(armv_chip_1022.o)
 .rodata.str1.4
                0x00002574        0x8 /home/marko/Programming/QNX_SDP/ide-5.0-workspace/ti-am335x-beaglebone-SDP6.6/src/hardware/startup/lib/arm/a.le.v7/libstartup.a(armv_chip_1136.o)
 .rodata.str1.4
                0x0000257c        0x8 /home/marko/Programming/QNX_SDP/ide-5.0-workspace/ti-am335x-beaglebone-SDP6.6/src/hardware/startup/lib/arm/a.le.v7/libstartup.a(armv_chip_1176.o)
 .rodata.str1.4
                0x00002584        0x8 /home/marko/Programming/QNX_SDP/ide-5.0-workspace/ti-am335x-beaglebone-SDP6.6/src/hardware/startup/lib/arm/a.le.v7/libstartup.a(armv_chip_1200.o)
 .rodata.str1.4
                0x0000258c        0x8 /home/marko/Programming/QNX_SDP/ide-5.0-workspace/ti-am335x-beaglebone-SDP6.6/src/hardware/startup/lib/arm/a.le.v7/libstartup.a(armv_chip_23xx.o)
 .rodata.str1.4
                0x00002594        0x8 /home/marko/Programming/QNX_SDP/ide-5.0-workspace/ti-am335x-beaglebone-SDP6.6/src/hardware/startup/lib/arm/a.le.v7/libstartup.a(armv_chip_2400.o)
 .rodata.str1.4
                0x0000259c        0x8 /home/marko/Programming/QNX_SDP/ide-5.0-workspace/ti-am335x-beaglebone-SDP6.6/src/hardware/startup/lib/arm/a.le.v7/libstartup.a(armv_chip_2800.o)
 .rodata.str1.4
                0x000025a4        0x8 /home/marko/Programming/QNX_SDP/ide-5.0-workspace/ti-am335x-beaglebone-SDP6.6/src/hardware/startup/lib/arm/a.le.v7/libstartup.a(armv_chip_425.o)
 .rodata.str1.4
                0x000025ac        0x8 /home/marko/Programming/QNX_SDP/ide-5.0-workspace/ti-am335x-beaglebone-SDP6.6/src/hardware/startup/lib/arm/a.le.v7/libstartup.a(armv_chip_465.o)
 .rodata.str1.4
                0x000025b4        0x8 /home/marko/Programming/QNX_SDP/ide-5.0-workspace/ti-am335x-beaglebone-SDP6.6/src/hardware/startup/lib/arm/a.le.v7/libstartup.a(armv_chip_720.o)
 .rodata.str1.4
                0x000025bc        0x8 /home/marko/Programming/QNX_SDP/ide-5.0-workspace/ti-am335x-beaglebone-SDP6.6/src/hardware/startup/lib/arm/a.le.v7/libstartup.a(armv_chip_80200.o)
 .rodata.str1.4
                0x000025c4        0x8 /home/marko/Programming/QNX_SDP/ide-5.0-workspace/ti-am335x-beaglebone-SDP6.6/src/hardware/startup/lib/arm/a.le.v7/libstartup.a(armv_chip_920.o)
 .rodata.str1.4
                0x000025cc        0x8 /home/marko/Programming/QNX_SDP/ide-5.0-workspace/ti-am335x-beaglebone-SDP6.6/src/hardware/startup/lib/arm/a.le.v7/libstartup.a(armv_chip_922.o)
 .rodata.str1.4
                0x000025d4        0x8 /home/marko/Programming/QNX_SDP/ide-5.0-workspace/ti-am335x-beaglebone-SDP6.6/src/hardware/startup/lib/arm/a.le.v7/libstartup.a(armv_chip_925.o)
 .rodata.str1.4
                0x000025dc        0x8 /home/marko/Programming/QNX_SDP/ide-5.0-workspace/ti-am335x-beaglebone-SDP6.6/src/hardware/startup/lib/arm/a.le.v7/libstartup.a(armv_chip_926.o)
 .rodata.str1.4
                0x000025e4        0xc /home/marko/Programming/QNX_SDP/ide-5.0-workspace/ti-am335x-beaglebone-SDP6.6/src/hardware/startup/lib/arm/a.le.v7/libstartup.a(armv_chip_a15.o)
 .rodata.str1.4
                0x000025f0        0xc /home/marko/Programming/QNX_SDP/ide-5.0-workspace/ti-am335x-beaglebone-SDP6.6/src/hardware/startup/lib/arm/a.le.v7/libstartup.a(armv_chip_a7.o)
 .rodata.str1.4