Archive member included because of file (symbol)

/home/marko/Programming/QNX_SDP/qnx660/host/linux/x86/usr/lib/gcc/arm-unknown-nto-qnx6.6.0eabi/4.7.3//libgcc.a(_aeabi_uldivmod.o)
                              mmcsd.o (__aeabi_uldivmod)
/home/marko/Programming/QNX_SDP/qnx660/host/linux/x86/usr/lib/gcc/arm-unknown-nto-qnx6.6.0eabi/4.7.3//libgcc.a(bpabi.o)
                              /home/marko/Programming/QNX_SDP/qnx660/host/linux/x86/usr/lib/gcc/arm-unknown-nto-qnx6.6.0eabi/4.7.3//libgcc.a(_aeabi_uldivmod.o) (__gnu_uldivmod_helper)
/home/marko/Programming/QNX_SDP/qnx660/host/linux/x86/usr/lib/gcc/arm-unknown-nto-qnx6.6.0eabi/4.7.3//libgcc.a(_divdi3.o)
                              /home/marko/Programming/QNX_SDP/qnx660/host/linux/x86/usr/lib/gcc/arm-unknown-nto-qnx6.6.0eabi/4.7.3//libgcc.a(bpabi.o) (__divdi3)
/home/marko/Programming/QNX_SDP/qnx660/host/linux/x86/usr/lib/gcc/arm-unknown-nto-qnx6.6.0eabi/4.7.3//libgcc.a(_udivdi3.o)
                              /home/marko/Programming/QNX_SDP/qnx660/host/linux/x86/usr/lib/gcc/arm-unknown-nto-qnx6.6.0eabi/4.7.3//libgcc.a(bpabi.o) (__udivdi3)
/home/marko/Programming/QNX_SDP/qnx660/host/linux/x86/usr/lib/gcc/arm-unknown-nto-qnx6.6.0eabi/4.7.3//libgcc.a(unwind-arm.o)
                              /home/marko/Programming/QNX_SDP/qnx660/host/linux/x86/usr/lib/gcc/arm-unknown-nto-qnx6.6.0eabi/4.7.3//libgcc.a(_divdi3.o) (__aeabi_unwind_cpp_pr0)
/home/marko/Programming/QNX_SDP/qnx660/host/linux/x86/usr/lib/gcc/arm-unknown-nto-qnx6.6.0eabi/4.7.3//libgcc.a(libunwind.o)
                              /home/marko/Programming/QNX_SDP/qnx660/host/linux/x86/usr/lib/gcc/arm-unknown-nto-qnx6.6.0eabi/4.7.3//libgcc.a(unwind-arm.o) (restore_core_regs)
/home/marko/Programming/QNX_SDP/qnx660/host/linux/x86/usr/lib/gcc/arm-unknown-nto-qnx6.6.0eabi/4.7.3//libgcc.a(pr-support.o)
                              /home/marko/Programming/QNX_SDP/qnx660/host/linux/x86/usr/lib/gcc/arm-unknown-nto-qnx6.6.0eabi/4.7.3//libgcc.a(unwind-arm.o) (__gnu_unwind_execute)
/home/marko/Programming/QNX_SDP/qnx660/target/qnx6/armle-v7/lib/libc.a(hwi_next_tag.o)
                              sim_altera.o (hwi_next_tag)

Allocating common symbols
Common symbol       size              file

mmc_dma_in_prog     0x4               sim_altera.o

Memory Configuration

Name             Origin             Length             Attributes
*default*        0x00000000         0xffffffff

Linker script and memory map

LOAD /home/marko/Programming/QNX_SDP/qnx660/target/qnx6/armle-v7/lib/crt1.o
LOAD /home/marko/Programming/QNX_SDP/qnx660/target/qnx6/armle-v7/lib/crti.o
LOAD /home/marko/Programming/QNX_SDP/qnx660/host/linux/x86/usr/lib/gcc/arm-unknown-nto-qnx6.6.0eabi/4.7.3//crtbegin.o
LOAD mmcsd.o
LOAD sim.o
LOAD sim_altera.o
LOAD sim_at91sam9g45.o
LOAD sim_bs.o
LOAD sim_dra446.o
LOAD sim_esdhc.o
LOAD sim_mmc.o
LOAD sim_mmcif.o
LOAD sim_mpc5125.o
LOAD sim_mx31.o
LOAD sim_mx35.o
LOAD sim_omap3.o
LOAD sim_omap4.o
LOAD sim_sdhci.o
LOAD sim_sta2x11.o
LOAD /home/marko/Programming/QNX_SDP/qnx660/target/qnx6/armle-v7/usr/lib/libdrvr.a
LOAD /home/marko/Programming/QNX_SDP/qnx660/target/qnx6/armle-v7/usr/lib/libcache.a
LOAD /home/marko/Programming/QNX_SDP/qnx660/target/qnx6/armle-v7/lib/libcam.so
LOAD /home/marko/Programming/QNX_SDP/qnx660/host/linux/x86/usr/lib/gcc/arm-unknown-nto-qnx6.6.0eabi/4.7.3//libgcc.a
LOAD /home/marko/Programming/QNX_SDP/qnx660/target/qnx6/armle-v7/lib/libc.so
LOAD /home/marko/Programming/QNX_SDP/qnx660/target/qnx6/armle-v7/lib/libc.a
LOAD /home/marko/Programming/QNX_SDP/qnx660/host/linux/x86/usr/lib/gcc/arm-unknown-nto-qnx6.6.0eabi/4.7.3//libgcc.a
LOAD /home/marko/Programming/QNX_SDP/qnx660/host/linux/x86/usr/lib/gcc/arm-unknown-nto-qnx6.6.0eabi/4.7.3//crtend.o
LOAD /home/marko/Programming/QNX_SDP/qnx660/target/qnx6/armle-v7/lib/crtn.o
                0x08048000                PROVIDE (__executable_start, 0x8048000)
                0x08048154                . = (0x8048000 + SIZEOF_HEADERS)

.interp         0x08048154       0x14
 *(.interp)
 .interp        0x08048154       0x14 /home/marko/Programming/QNX_SDP/qnx660/target/qnx6/armle-v7/lib/crt1.o

.note           0x08048168       0x18
 .note          0x08048168       0x18 /home/marko/Programming/QNX_SDP/qnx660/target/qnx6/armle-v7/lib/crtn.o

.note.gnu.build-id
                0x08048180       0x20
 *(.note.gnu.build-id)
 .note.gnu.build-id
                0x08048180       0x20 linker stubs

.hash
 *(.hash)

.gnu.hash       0x080481a0      0x51c
 *(.gnu.hash)
 .gnu.hash      0x080481a0      0x51c /home/marko/Programming/QNX_SDP/qnx660/target/qnx6/armle-v7/lib/crt1.o

.dynsym         0x080486bc      0xa90
 *(.dynsym)
 .dynsym        0x080486bc      0xa90 /home/marko/Programming/QNX_SDP/qnx660/target/qnx6/armle-v7/lib/crt1.o

.dynstr         0x0804914c      0x9b5
 *(.dynstr)
 .dynstr        0x0804914c      0x9b5 /home/marko/Programming/QNX_SDP/qnx660/target/qnx6/armle-v7/lib/crt1.o

.gnu.version    0x08049b02        0x0
 *(.gnu.version)
 .gnu.version   0x00000000        0x0 /home/marko/Programming/QNX_SDP/qnx660/target/qnx6/armle-v7/lib/crt1.o

.gnu.version_d  0x08049b04        0x0
 *(.gnu.version_d)
 .gnu.version_d
                0x00000000        0x0 /home/marko/Programming/QNX_SDP/qnx660/target/qnx6/armle-v7/lib/crt1.o

.gnu.version_r  0x08049b04        0x0
 *(.gnu.version_r)
 .gnu.version_r
                0x00000000        0x0 /home/marko/Programming/QNX_SDP/qnx660/target/qnx6/armle-v7/lib/crt1.o

.rel.dyn        0x08049b04       0x48
 *(.rel.init)
 *(.rel.text .rel.text.* .rel.gnu.linkonce.t.*)
 *(.rel.fini)
 *(.rel.rodata .rel.rodata.* .rel.gnu.linkonce.r.*)
 *(.rel.data.rel.ro .rel.data.rel.ro.* .rel.gnu.linkonce.d.rel.ro.*)
 *(.rel.data .rel.data.* .rel.gnu.linkonce.d.*)
 *(.rel.tdata .rel.tdata.* .rel.gnu.linkonce.td.*)
 *(.rel.tbss .rel.tbss.* .rel.gnu.linkonce.tb.*)
 *(.rel.ctors)
 *(.rel.dtors)
 *(.rel.got)
 .rel.got       0x08049b04       0x30 /home/marko/Programming/QNX_SDP/qnx660/target/qnx6/armle-v7/lib/crt1.o
 *(.rel.bss .rel.bss.* .rel.gnu.linkonce.b.*)
 .rel.bss       0x08049b34       0x18 /home/marko/Programming/QNX_SDP/qnx660/target/qnx6/armle-v7/lib/crt1.o
                0x08049b4c                PROVIDE (__rel_iplt_start, .)
 *(.rel.iplt)
 .rel.iplt      0x00000000        0x0 /home/marko/Programming/QNX_SDP/qnx660/target/qnx6/armle-v7/lib/crt1.o
                0x08049b4c                PROVIDE (__rel_iplt_end, .)
                0x08049b4c                PROVIDE (__rela_iplt_start, .)
                0x08049b4c                PROVIDE (__rela_iplt_end, .)

.rela.dyn       0x08049b4c        0x0
 *(.rela.init)
 *(.rela.text .rela.text.* .rela.gnu.linkonce.t.*)
 *(.rela.fini)
 *(.rela.rodata .rela.rodata.* .rela.gnu.linkonce.r.*)
 *(.rela.data .rela.data.* .rela.gnu.linkonce.d.*)
 *(.rela.tdata .rela.tdata.* .rela.gnu.linkonce.td.*)
 *(.rela.tbss .rela.tbss.* .rela.gnu.linkonce.tb.*)
 *(.rela.ctors)
 *(.rela.dtors)
 *(.rela.got)
 *(.rela.bss .rela.bss.* .rela.gnu.linkonce.b.*)
                0x08049b4c                PROVIDE (__rel_iplt_start, .)
                0x08049b4c                PROVIDE (__rel_iplt_end, .)
                0x08049b4c                PROVIDE (__rela_iplt_start, .)
 *(.rela.iplt)
                0x08049b4c                PROVIDE (__rela_iplt_end, .)

.rel.plt        0x08049b4c      0x318
 *(.rel.plt)
 .rel.plt       0x08049b4c      0x318 /home/marko/Programming/QNX_SDP/qnx660/target/qnx6/armle-v7/lib/crt1.o

.rela.plt
 *(.rela.plt)

.init           0x08049e64        0x8
 *(SORT(.init))
 .init          0x08049e64        0x4 /home/marko/Programming/QNX_SDP/qnx660/target/qnx6/armle-v7/lib/crti.o
                0x08049e64                _init
 .init          0x08049e68        0x4 /home/marko/Programming/QNX_SDP/qnx660/target/qnx6/armle-v7/lib/crtn.o

.plt            0x08049e6c      0x4c8
 *(.plt)
 .plt           0x08049e6c      0x4c8 /home/marko/Programming/QNX_SDP/qnx660/target/qnx6/armle-v7/lib/crt1.o
                0x08049e80                clock_gettime
                0x08049e8c                strcpy
                0x08049e9c                cam_configure
                0x08049ea8                printf
                0x08049eb4                InterruptMask
                0x08049ec0                _init_array
                0x08049ecc                simq_reset_dev
                0x08049ed8                pthread_create
                0x08049ee4                pthread_attr_init
                0x08049ef0                hwi_off2tag
                0x08049efc                snprintf
                0x08049f08                sim_alloc_hba
                0x08049f14                timer_create
                0x08049f20                hwi_find_item
                0x08049f2c                pthread_setname_np
                0x08049f38                usleep
                0x08049f50                getpid
                0x08049f5c                _preinit_array
                0x08049f68                InterruptUnmask
                0x08049f74                memcpy
                0x08049f80                pthread_cancel
                0x08049f8c                perror
                0x08049f98                __cxa_finalize
                0x08049fa4                mmap_device_io
                0x08049fb0                strtoul
                0x08049fbc                atomic_clr_value
                0x08049fc8                mmap
                0x08049fd4                abort
                0x08049fe0                __stack_chk_fail
                0x08049fec                vslogf
                0x08049ff8                strtol
                0x0804a008                MsgSendPulse
                0x0804a014                calloc
                0x0804a024                atomic_clr
                0x0804a030                simq_rel_simq
                0x0804a03c                simq_timer_settime
                0x0804a048                mem_offset64
                0x0804a054                fprintf
                0x0804a060                ConnectDetach
                0x0804a06c                nanospin_ns
                0x0804a084                __aeabi_idiv
                0x0804a090                pthread_attr_setinheritsched
                0x0804a09c                __get_errno_ptr
                0x0804a0a8                pthread_attr_setstacksize
                0x0804a0b4                strncmp
                0x0804a0c0                strncpy
                0x0804a0d8                sched_get_priority_max
                0x0804a0e4                atomic_set_value
                0x0804a0f0                simq_ccb_state
                0x0804a0fc                sched_get_priority_min
                0x0804a108                ConnectAttach
                0x0804a114                simq_ccb_enqueue
                0x0804a120                __aeabi_ldiv0
                0x0804a12c                MsgReceivePulse
                0x0804a13c                slogf
                0x0804a148                strdup
                0x0804a154                ChannelDestroy
                0x0804a160                strtoull
                0x0804a16c                _init_libc
                0x0804a178                memset
                0x0804a184                __aeabi_uidiv
                0x0804a190                ChannelCreate
                0x0804a19c                _fini_array
                0x0804a1a8                strcmp
                0x0804a1b4                __gnu_Unwind_Find_exidx
                0x0804a1c0                delay
                0x0804a1cc                xpt_async
                0x0804a1d8                sprintf
                0x0804a1e4                simq_post_ccb
                0x0804a1f0                atexit
                0x0804a1fc                ThreadCtl
                0x0804a208                getsubopt
                0x0804a214                __hwi_find_string
                0x0804a220                fputc
                0x0804a22c                simq_ccb_dequeue
                0x0804a238                sim_drvr_options
                0x0804a244                simq_scsi_reset
                0x0804a250                __aeabi_uidivmod
                0x0804a25c                munmap_device_io
                0x0804a268                xpt_bus_register
                0x0804a274                ultoa
                0x0804a280                simq_dinit
                0x0804a28c                exit
                0x0804a298                pthread_attr_setschedpolicy
                0x0804a2a4                strlen
                0x0804a2b0                simq_init
                0x0804a2bc                fputs
                0x0804a2c8                pthread_attr_setschedparam
                0x0804a2d4                pthread_attr_setdetachstate
                0x0804a2e0                pthread_join
                0x0804a2ec                __aeabi_idivmod
                0x0804a304                atomic_set
                0x0804a310                vfprintf
                0x0804a31c                InterruptAttachEvent
                0x0804a328                free

.iplt           0x0804a334        0x0
 *(.iplt)
 .iplt          0x00000000        0x0 /home/marko/Programming/QNX_SDP/qnx660/target/qnx6/armle-v7/lib/crt1.o

.text           0x0804a334     0x8af8
                0x0804a334                _btext = .
 *(.text.unlikely .text.*_unlikely .text.unlikely.*)
 *(.text.exit .text.exit.*)
 *(.text.startup .text.startup.*)
 .text.startup  0x0804a334       0x84 sim.o
                0x0804a334                main
 *(.text.hot .text.hot.*)
 *(.text .stub .text.* .gnu.linkonce.t.*)
 .text          0x0804a3b8      0x110 /home/marko/Programming/QNX_SDP/qnx660/target/qnx6/armle-v7/lib/crt1.o
                0x0804a3b8                _start
 .text          0x0804a4c8        0x0 /home/marko/Programming/QNX_SDP/qnx660/target/qnx6/armle-v7/lib/crti.o
 .text          0x0804a4c8      0x114 /home/marko/Programming/QNX_SDP/qnx660/host/linux/x86/usr/lib/gcc/arm-unknown-nto-qnx6.6.0eabi/4.7.3//crtbegin.o
 .text          0x0804a5dc     0x2258 mmcsd.o
                0x0804a5dc                mmcsd_device_errata
                0x0804a638                mmcsd_reconcile_errata
                0x0804a66c                mmc_dump
                0x0804a780                _mmc_sendcmd
                0x0804ac14                mmc_get_card_status
                0x0804ac3c                mmc_switch
                0x0804acbc                mmc_send_cid
                0x0804acf8                mmc_send_csd
                0x0804ad34                mmc_send_ext_csd
                0x0804ad90                mmc_select_deselect_card
                0x0804adc0                mmc_sleep_awake
                0x0804adec                mmc_wait_card_status
                0x0804aea0                mmc_erase
                0x0804affc                mmc_write_protect
                0x0804b0d8                mmc_rpmb_rw_frame
                0x0804b1e0                mmc_send_rwcmd
                0x0804b294                mmc_dump_ext_csd
                0x0804b2e8                mmc_parse_mmc_cid
                0x0804b430                mmc_parse_sd_cid
                0x0804b508                mmc_parse_mmc_csd
                0x0804b7e0                mmc_parse_sd_csd
                0x0804bafc                mmc_partition_config
                0x0804bcbc                mmc_erase_grp_config
                0x0804bd30                mmc_card_ident
 .text          0x0804c834      0xac4 sim.o
                0x0804c834                mmc_sim_action
                0x0804c970                mmc_sim_init
                0x0804cac4                mmc_alloc_hba
                0x0804cb04                mmc_sim_attach
                0x0804cdd0                mmc_sim_args
                0x0804cfa8                mmc_free_hba
                0x0804cfd8                mmc_sim_detach
                0x0804d048                mmc_display_ccb
                0x0804d2b0                mmc_reset_bus
                0x0804d2d4                mmc_reset_dev
 .text          0x0804d2f8      0x93c sim_altera.o
                0x0804d8e4                socfpga_dma_continue
                0x0804d96a                socfpga_data_completed
                0x0804d9b8                socfpga_attach
 .text          0x0804dc34        0x0 sim_at91sam9g45.o
 .text          0x0804dc34      0x314 sim_bs.o
                0x0804dc78                bs_init
                0x0804df44                bs_dinit
 .text          0x0804df48        0x0 sim_dra446.o
 .text          0x0804df48        0x0 sim_esdhc.o
 .text          0x0804df48     0x21c4 sim_mmc.o
                0x0804e18c                mmc_slogf
                0x0804e1fc                mmc_pm
                0x0804e24a                mmc_post_ccb
                0x0804e26c                mmc_sense
                0x0804e5b4                mmc_wait_command
                0x0804e6a4                mmc_wait_card_ready
                0x0804e738                mmc_evpd_inquiry
                0x0804e844                mmc_std_inquiry
                0x0804e984                mmc_fake_inquiry
                0x0804e9bc                mmc_inquiry
                0x0804ea02                mmc_wp_grp_size
                0x0804ea40                mmc_erase_grp_size
                0x0804ea6a                mmc_wp
                0x0804eafa                mmc_verbosity
                0x0804eb18                mmc_mphys
                0x0804eb80                mmc_set_partition
                0x0804ebaa                mmc_write_same
                0x0804f088                mmc_erase12
                0x0804f16e                mmc_sync
                0x0804f17a                mmc_rw
                0x0804f318                mmc_io_cmds
                0x0804ffa8                mmc_driver_thread
 .text          0x0805010c        0x0 sim_mmcif.o
 .text          0x0805010c        0x0 sim_mpc5125.o
 .text          0x0805010c        0x0 sim_mx31.o
 .text          0x0805010c        0x0 sim_mx35.o
 .text          0x0805010c      0xac8 sim_omap3.o
                0x08050834                omap3_setup_sgdma
                0x08050a0c                omap3_attach
 .text          0x08050bd4        0x0 sim_omap4.o
 .text          0x08050bd4        0x0 sim_sdhci.o
 .text          0x08050bd4        0x0 sim_sta2x11.o
 .text          0x08050bd4       0x3c /home/marko/Programming/QNX_SDP/qnx660/host/linux/x86/usr/lib/gcc/arm-unknown-nto-qnx6.6.0eabi/4.7.3//libgcc.a(_aeabi_uldivmod.o)
                0x08050bd4                __aeabi_uldivmod
 .text          0x08050c10       0x78 /home/marko/Programming/QNX_SDP/qnx660/host/linux/x86/usr/lib/gcc/arm-unknown-nto-qnx6.6.0eabi/4.7.3//libgcc.a(bpabi.o)
                0x08050c10                __gnu_ldivmod_helper
                0x08050c4c                __gnu_uldivmod_helper
 .text          0x08050c88      0x4c8 /home/marko/Programming/QNX_SDP/qnx660/host/linux/x86/usr/lib/gcc/arm-unknown-nto-qnx6.6.0eabi/4.7.3//libgcc.a(_divdi3.o)
                0x08050c88                __divdi3
 .text          0x08051150      0x464 /home/marko/Programming/QNX_SDP/qnx660/host/linux/x86/usr/lib/gcc/arm-unknown-nto-qnx6.6.0eabi/4.7.3//libgcc.a(_udivdi3.o)
                0x08051150                __udivdi3
 .text          0x080515b4      0xeb0 /home/marko/Programming/QNX_SDP/qnx660/host/linux/x86/usr/lib/gcc/arm-unknown-nto-qnx6.6.0eabi/4.7.3//libgcc.a(unwind-arm.o)
                0x08051994                __aeabi_unwind_cpp_pr2
                0x0805199c                __aeabi_unwind_cpp_pr1
                0x080519a4                __aeabi_unwind_cpp_pr0
                0x08051e14                _Unwind_GetCFA
                0x08051e1c                __gnu_Unwind_RaiseException
                0x08051ec0                __gnu_Unwind_ForcedUnwind
                0x08051ee4                __gnu_Unwind_Resume
                0x08051f58                __gnu_Unwind_Resume_or_Rethrow
                0x08051f78                _Unwind_Complete
                0x08051f7c                _Unwind_DeleteException
                0x08051f9c                __gnu_Unwind_Backtrace
                0x08052054                _Unwind_VRS_Get
                0x08052098                _Unwind_VRS_Set
                0x080520dc                _Unwind_VRS_Pop
 .text          0x08052464      0x1a8 /home/marko/Programming/QNX_SDP/qnx660/host/linux/x86/usr/lib/gcc/arm-unknown-nto-qnx6.6.0eabi/4.7.3//libgcc.a(libunwind.o)
                0x08052464                __restore_core_regs
                0x08052464                restore_core_regs
                0x08052478                __gnu_Unwind_Restore_VFP
                0x08052480                __gnu_Unwind_Save_VFP
                0x08052488                __gnu_Unwind_Restore_VFP_D
                0x08052490                __gnu_Unwind_Save_VFP_D
                0x08052498                __gnu_Unwind_Restore_VFP_D_16_to_31
                0x080524a0                __gnu_Unwind_Save_VFP_D_16_to_31
                0x080524a8                __gnu_Unwind_Restore_WMMXD
                0x080524ec                __gnu_Unwind_Save_WMMXD
                0x08052530                __gnu_Unwind_Restore_WMMXC
                0x08052544                __gnu_Unwind_Save_WMMXC
                0x08052558                ___Unwind_RaiseException
                0x08052558                _Unwind_RaiseException
                0x0805257c                ___Unwind_Resume
                0x0805257c                _Unwind_Resume
                0x080525a0                _Unwind_Resume_or_Rethrow
                0x080525a0                ___Unwind_Resume_or_Rethrow
                0x080525c4                ___Unwind_ForcedUnwind
                0x080525c4                _Unwind_ForcedUnwind
                0x080525e8                _Unwind_Backtrace
                0x080525e8                ___Unwind_Backtrace
 .text          0x0805260c      0x7c4 /home/marko/Programming/QNX_SDP/qnx660/host/linux/x86/usr/lib/gcc/arm-unknown-nto-qnx6.6.0eabi/4.7.3//libgcc.a(pr-support.o)
                0x0805260c                __gnu_unwind_execute
                0x08052d14                __gnu_unwind_frame
                0x08052d54                _Unwind_GetRegionStart
                0x08052d84                _Unwind_GetLanguageSpecificData
                0x08052dc0                _Unwind_GetDataRelBase
                0x08052dc8                _Unwind_GetTextRelBase
 .text          0x08052dd0       0x5c /home/marko/Programming/QNX_SDP/qnx660/target/qnx6/armle-v7/lib/libc.a(hwi_next_tag.o)
                0x08052dd0                hwi_next_tag
 .text          0x08052e2c        0x0 /home/marko/Programming/QNX_SDP/qnx660/host/linux/x86/usr/lib/gcc/arm-unknown-nto-qnx6.6.0eabi/4.7.3//crtend.o
 .text          0x08052e2c        0x0 /home/marko/Programming/QNX_SDP/qnx660/target/qnx6/armle-v7/lib/crtn.o
 *(.gnu.warning)
 *(.glue_7t)
 .glue_7t       0x00000000        0x0 linker stubs
 *(.glue_7)
 .glue_7        0x00000000        0x0 linker stubs
 *(.vfp11_veneer)
 .vfp11_veneer  0x00000000        0x0 linker stubs
 *(.v4_bx)
 .v4_bx         0x00000000        0x0 linker stubs

.fini           0x08052e2c        0x8
 *(SORT(.fini))
 .fini          0x08052e2c        0x4 /home/marko/Programming/QNX_SDP/qnx660/target/qnx6/armle-v7/lib/crti.o
                0x08052e2c                _fini
 .fini          0x08052e30        0x4 /home/marko/Programming/QNX_SDP/qnx660/target/qnx6/armle-v7/lib/crtn.o
                0x08052e34                PROVIDE (__etext, .)
                0x08052e34                PROVIDE (_etext, .)
                0x08052e34                PROVIDE (etext, .)

.rodata         0x08052e34     0x1d70
 *(.rodata .rodata.* .gnu.linkonce.r.*)
 .rodata        0x08052e34      0x114 mmcsd.o
 .rodata.str1.1
                0x08052f48     0x1140 mmcsd.o
                               0x1149 (size before relaxing)
 .rodata        0x08054088       0x38 sim.o
                0x0805409c                sim_module
 .rodata.str1.1
                0x080540c0      0x468 sim.o
                                0x46c (size before relaxing)
 .rodata        0x08054528       0x18 sim_altera.o
 .rodata.str1.1
                0x08054540       0xbd sim_altera.o
 .rodata.str1.1
                0x080545fd      0x1cf sim_bs.o
 .rodata        0x080547cc       0x58 sim_mmc.o
 .rodata.str1.1
                0x08054824      0x28d sim_mmc.o
                                0x298 (size before relaxing)
 .rodata        0x08054ab1       0x22 sim_omap3.o
 .rodata.str1.1
                0x08054ad3       0xd1 sim_omap3.o
                                 0xe3 (size before relaxing)

.rodata1
 *(.rodata1)

.ARM.extab      0x08054ba4       0x18
 *(.ARM.extab* .gnu.linkonce.armextab.*)
 .ARM.extab     0x08054ba4        0x0 /home/marko/Programming/QNX_SDP/qnx660/host/linux/x86/usr/lib/gcc/arm-unknown-nto-qnx6.6.0eabi/4.7.3//libgcc.a(_divdi3.o)
 .ARM.extab     0x08054ba4        0x0 /home/marko/Programming/QNX_SDP/qnx660/host/linux/x86/usr/lib/gcc/arm-unknown-nto-qnx6.6.0eabi/4.7.3//libgcc.a(_udivdi3.o)
 .ARM.extab     0x08054ba4       0x18 /home/marko/Programming/QNX_SDP/qnx660/host/linux/x86/usr/lib/gcc/arm-unknown-nto-qnx6.6.0eabi/4.7.3//libgcc.a(unwind-arm.o)
 .ARM.extab     0x08054bbc        0x0 /home/marko/Programming/QNX_SDP/qnx660/host/linux/x86/usr/lib/gcc/arm-unknown-nto-qnx6.6.0eabi/4.7.3//libgcc.a(pr-support.o)
                0x08054bbc                __exidx_start = .

.ARM.exidx      0x08054bbc       0xa8
 *(.ARM.exidx* .gnu.linkonce.armexidx.*)
 .ARM.exidx     0x08054bbc        0x8 /home/marko/Programming/QNX_SDP/qnx660/host/linux/x86/usr/lib/gcc/arm-unknown-nto-qnx6.6.0eabi/4.7.3//libgcc.a(_divdi3.o)
 .ARM.exidx     0x08054bc4        0x0 /home/marko/Programming/QNX_SDP/qnx660/host/linux/x86/usr/lib/gcc/arm-unknown-nto-qnx6.6.0eabi/4.7.3//libgcc.a(_udivdi3.o)
                                  0x8 (size before relaxing)
 .ARM.exidx     0x08054bc4       0x88 /home/marko/Programming/QNX_SDP/qnx660/host/linux/x86/usr/lib/gcc/arm-unknown-nto-qnx6.6.0eabi/4.7.3//libgcc.a(unwind-arm.o)
                                 0xa0 (size before relaxing)
 .ARM.exidx     0x08054c4c       0x18 /home/marko/Programming/QNX_SDP/qnx660/host/linux/x86/usr/lib/gcc/arm-unknown-nto-qnx6.6.0eabi/4.7.3//libgcc.a(pr-support.o)
                                 0x30 (size before relaxing)
                0x08054c64                __exidx_end = .

.eh_frame_hdr   0x08054c64        0x0
 *(.eh_frame_hdr)
 .eh_frame_hdr  0x00000000        0x0 /home/marko/Programming/QNX_SDP/qnx660/target/qnx6/armle-v7/lib/crtn.o

.eh_frame       0x08054c64        0x4
 *(.eh_frame)
 .eh_frame      0x08054c64        0x0 /home/marko/Programming/QNX_SDP/qnx660/host/linux/x86/usr/lib/gcc/arm-unknown-nto-qnx6.6.0eabi/4.7.3//crtbegin.o
 .eh_frame      0x08054c64        0x4 /home/marko/Programming/QNX_SDP/qnx660/host/linux/x86/usr/lib/gcc/arm-unknown-nto-qnx6.6.0eabi/4.7.3//crtend.o

.gcc_except_table
 *(.gcc_except_table .gcc_except_table.*)

.exception_ranges
 *(.exception_ranges .exception_ranges*)
                0x08054c68                . = (ALIGN (0x1000) - ((0x1000 - .) & 0xfff))
                0x08055f1c                . = DATA_SEGMENT_ALIGN (0x1000, 0x1000)

.eh_frame
 *(.eh_frame)

.gcc_except_table
 *(.gcc_except_table .gcc_except_table.*)

.exception_ranges
 *(.exception_ranges .exception_ranges*)

.tdata
 *(.tdata .tdata.* .gnu.linkonce.td.*)

.tbss
 *(.tbss .tbss.* .gnu.linkonce.tb.*)
 *(.tcommon)

.preinit_array  0x08055f1c        0x0
                0x08055f1c                PROVIDE (__preinit_array_start, .)
 *(.preinit_array)
                0x08055f1c                PROVIDE (__preinit_array_end, .)

.init_array     0x08055f1c        0x4
                0x08055f1c                PROVIDE (__init_array_start, .)
 *(SORT(.init_array.*))
 *(.init_array)
 .init_array    0x08055f1c        0x4 /home/marko/Programming/QNX_SDP/qnx660/host/linux/x86/usr/lib/gcc/arm-unknown-nto-qnx6.6.0eabi/4.7.3//crtbegin.o
                0x08055f20                PROVIDE (__init_array_end, .)

.fini_array     0x08055f20        0x4
                0x08055f20                PROVIDE (__fini_array_start, .)
 *(SORT(.fini_array.*))
 *(.fini_array)
 .fini_array    0x08055f20        0x4 /home/marko/Programming/QNX_SDP/qnx660/host/linux/x86/usr/lib/gcc/arm-unknown-nto-qnx6.6.0eabi/4.7.3//crtbegin.o
                0x08055f24                PROVIDE (__fini_array_end, .)

.ctors
 *crtbegin.o(.ctors)
 *crtbegin?.o(.ctors)
 *(EXCLUDE_FILE(*crtend?.o *crtend.o) .ctors)
 *(SORT(.ctors.*))
 *(.ctors)

.dtors
 *crtbegin.o(.dtors)
 *crtbegin?.o(.dtors)
 *(EXCLUDE_FILE(*crtend?.o *crtend.o) .dtors)
 *(SORT(.dtors.*))
 *(.dtors)

.jcr            0x08055f24        0x4
 *(.jcr)
 .jcr           0x08055f24        0x0 /home/marko/Programming/QNX_SDP/qnx660/host/linux/x86/usr/lib/gcc/arm-unknown-nto-qnx6.6.0eabi/4.7.3//crtbegin.o
 .jcr           0x08055f24        0x4 /home/marko/Programming/QNX_SDP/qnx660/host/linux/x86/usr/lib/gcc/arm-unknown-nto-qnx6.6.0eabi/4.7.3//crtend.o

.data.rel.ro
 *(.data.rel.ro.local* .gnu.linkonce.d.rel.ro.local.*)
 *(.data.rel.ro .data.rel.ro.* .gnu.linkonce.d.rel.ro.*)

.dynamic        0x08055f28       0xd8
 *(.dynamic)
 .dynamic       0x08055f28       0xd8 /home/marko/Programming/QNX_SDP/qnx660/target/qnx6/armle-v7/lib/crt1.o
                0x08055f28                _DYNAMIC
                0x08056000                . = DATA_SEGMENT_RELRO_END (., 0x0)

.got            0x08056000      0x1b0
 *(.got.plt)
 .got.plt       0x08056000      0x198 /home/marko/Programming/QNX_SDP/qnx660/target/qnx6/armle-v7/lib/crt1.o
                0x08056000                _GLOBAL_OFFSET_TABLE_
 *(.igot.plt)
 .igot.plt      0x00000000        0x0 /home/marko/Programming/QNX_SDP/qnx660/target/qnx6/armle-v7/lib/crt1.o
 *(.got)
 .got           0x08056198       0x18 /home/marko/Programming/QNX_SDP/qnx660/target/qnx6/armle-v7/lib/crt1.o
 *(.igot)

.data           0x080561b0      0x228
                0x080561b0                __data_start = .
 *(.data .data.* .gnu.linkonce.d.*)
 .data          0x080561b0        0x0 /home/marko/Programming/QNX_SDP/qnx660/target/qnx6/armle-v7/lib/crt1.o
 .data          0x080561b0        0x0 /home/marko/Programming/QNX_SDP/qnx660/target/qnx6/armle-v7/lib/crti.o
 .data          0x080561b0        0x0 /home/marko/Programming/QNX_SDP/qnx660/host/linux/x86/usr/lib/gcc/arm-unknown-nto-qnx6.6.0eabi/4.7.3//crtbegin.o
 .data.rel      0x080561b0        0x4 /home/marko/Programming/QNX_SDP/qnx660/host/linux/x86/usr/lib/gcc/arm-unknown-nto-qnx6.6.0eabi/4.7.3//crtbegin.o
                0x080561b0                __dso_handle
 .data          0x080561b4      0x1b4 mmcsd.o
                0x080561b4                mmc_cmds
                0x080562a4                mmc_errata
                0x080562ec                mmc_idents
 .data          0x08056368       0x4c sim.o
                0x08056368                mmc_sim_entry
 .data          0x080563b4        0x0 sim_altera.o
 .data          0x080563b4        0x0 sim_at91sam9g45.o
 .data          0x080563b4       0x24 sim_bs.o
 .data          0x080563d8        0x0 sim_dra446.o
 .data          0x080563d8        0x0 sim_esdhc.o
 .data          0x080563d8        0x0 sim_mmc.o
 .data          0x080563d8        0x0 sim_mmcif.o
 .data          0x080563d8        0x0 sim_mpc5125.o
 .data          0x080563d8        0x0 sim_mx31.o
 .data          0x080563d8        0x0 sim_mx35.o
 .data          0x080563d8        0x0 sim_omap3.o
 .data          0x080563d8        0x0 sim_omap4.o
 .data          0x080563d8        0x0 sim_sdhci.o
 .data          0x080563d8        0x0 sim_sta2x11.o
 .data          0x080563d8        0x0 /home/marko/Programming/QNX_SDP/qnx660/host/linux/x86/usr/lib/gcc/arm-unknown-nto-qnx6.6.0eabi/4.7.3//libgcc.a(_aeabi_uldivmod.o)
 .data          0x080563d8        0x0 /home/marko/Programming/QNX_SDP/qnx660/host/linux/x86/usr/lib/gcc/arm-unknown-nto-qnx6.6.0eabi/4.7.3//libgcc.a(bpabi.o)
 .data          0x080563d8        0x0 /home/marko/Programming/QNX_SDP/qnx660/host/linux/x86/usr/lib/gcc/arm-unknown-nto-qnx6.6.0eabi/4.7.3//libgcc.a(_divdi3.o)
 .data          0x080563d8        0x0 /home/marko/Programming/QNX_SDP/qnx660/host/linux/x86/usr/lib/gcc/arm-unknown-nto-qnx6.6.0eabi/4.7.3//libgcc.a(_udivdi3.o)
 .data          0x080563d8        0x0 /home/marko/Programming/QNX_SDP/qnx660/host/linux/x86/usr/lib/gcc/arm-unknown-nto-qnx6.6.0eabi/4.7.3//libgcc.a(unwind-arm.o)
 .data          0x080563d8        0x0 /home/marko/Programming/QNX_SDP/qnx660/host/linux/x86/usr/lib/gcc/arm-unknown-nto-qnx6.6.0eabi/4.7.3//libgcc.a(libunwind.o)
 .data          0x080563d8        0x0 /home/marko/Programming/QNX_SDP/qnx660/host/linux/x86/usr/lib/gcc/arm-unknown-nto-qnx6.6.0eabi/4.7.3//libgcc.a(pr-support.o)
 .data          0x080563d8        0x0 /home/marko/Programming/QNX_SDP/qnx660/target/qnx6/armle-v7/lib/libc.a(hwi_next_tag.o)
 .data          0x080563d8        0x0 /home/marko/Programming/QNX_SDP/qnx660/host/linux/x86/usr/lib/gcc/arm-unknown-nto-qnx6.6.0eabi/4.7.3//crtend.o
 .data          0x080563d8        0x0 /home/marko/Programming/QNX_SDP/qnx660/target/qnx6/armle-v7/lib/crtn.o

.tm_clone_table
                0x080563d8        0x0
 .tm_clone_table
                0x080563d8        0x0 /home/marko/Programming/QNX_SDP/qnx660/host/linux/x86/usr/lib/gcc/arm-unknown-nto-qnx6.6.0eabi/4.7.3//crtbegin.o
 .tm_clone_table
                0x080563d8        0x0 /home/marko/Programming/QNX_SDP/qnx660/host/linux/x86/usr/lib/gcc/arm-unknown-nto-qnx6.6.0eabi/4.7.3//crtend.o

.data1
 *(.data1)
                0x080563d8                _edata = .
                0x080563d8                PROVIDE (edata, .)
                0x080563d8                . = .
                0x080563d8                __bss_start = .
                0x080563d8                __bss_start__ = .

.bss            0x080563d8       0xc4
 *(.dynbss)
 .dynbss        0x080563d8       0x58 /home/marko/Programming/QNX_SDP/qnx660/target/qnx6/armle-v7/lib/crt1.o
                0x080563d8                __stack_chk_guard
                0x080563dc                errno
                0x080563e0                _Stderr
 *(.bss .bss.* .gnu.linkonce.b.*)
 .bss           0x08056430        0x0 /home/marko/Programming/QNX_SDP/qnx660/target/qnx6/armle-v7/lib/crt1.o
 .bss           0x08056430        0x0 /home/marko/Programming/QNX_SDP/qnx660/target/qnx6/armle-v7/lib/crti.o
 .bss           0x08056430       0x1c /home/marko/Programming/QNX_SDP/qnx660/host/linux/x86/usr/lib/gcc/arm-unknown-nto-qnx6.6.0eabi/4.7.3//crtbegin.o
 .bss           0x0805644c        0x4 mmcsd.o
 .bss           0x08056450       0x38 sim.o
                0x08056450                mmc_ctrl
 .bss           0x08056488        0x0 sim_altera.o
 .bss           0x08056488        0x0 sim_at91sam9g45.o
 .bss           0x08056488        0x4 sim_bs.o
 .bss           0x0805648c        0x0 sim_dra446.o
 .bss           0x0805648c        0x0 sim_esdhc.o
 .bss           0x0805648c        0xc sim_mmc.o
 .bss           0x08056498        0x0 sim_mmcif.o
 .bss           0x08056498        0x0 sim_mpc5125.o
 .bss           0x08056498        0x0 sim_mx31.o
 .bss           0x08056498        0x0 sim_mx35.o
 .bss           0x08056498        0x0 sim_omap3.o
 .bss           0x08056498        0x0 sim_omap4.o
 .bss           0x08056498        0x0 sim_sdhci.o
 .bss           0x08056498        0x0 sim_sta2x11.o
 .bss           0x08056498        0x0 /home/marko/Programming/QNX_SDP/qnx660/host/linux/x86/usr/lib/gcc/arm-unknown-nto-qnx6.6.0eabi/4.7.3//libgcc.a(_aeabi_uldivmod.o)
 .bss           0x08056498        0x0 /home/marko/Programming/QNX_SDP/qnx660/host/linux/x86/usr/lib/gcc/arm-unknown-nto-qnx6.6.0eabi/4.7.3//libgcc.a(bpabi.o)
 .bss           0x08056498        0x0 /home/marko/Programming/QNX_SDP/qnx660/host/linux/x86/usr/lib/gcc/arm-unknown-nto-qnx6.6.0eabi/4.7.3//libgcc.a(_divdi3.o)
 .bss           0x08056498        0x0 /home/marko/Programming/QNX_SDP/qnx660/host/linux/x86/usr/lib/gcc/arm-unknown-nto-qnx6.6.0eabi/4.7.3//libgcc.a(_udivdi3.o)
 .bss           0x08056498        0x0 /home/marko/Programming/QNX_SDP/qnx660/host/linux/x86/usr/lib/gcc/arm-unknown-nto-qnx6.6.0eabi/4.7.3//libgcc.a(unwind-arm.o)
 .bss           0x08056498        0x0 /home/marko/Programming/QNX_SDP/qnx660/host/linux/x86/usr/lib/gcc/arm-unknown-nto-qnx6.6.0eabi/4.7.3//libgcc.a(libunwind.o)
 .bss           0x08056498        0x0 /home/marko/Programming/QNX_SDP/qnx660/host/linux/x86/usr/lib/gcc/arm-unknown-nto-qnx6.6.0eabi/4.7.3//libgcc.a(pr-support.o)
 .bss           0x08056498        0x0 /home/marko/Programming/QNX_SDP/qnx660/target/qnx6/armle-v7/lib/libc.a(hwi_next_tag.o)
 .bss           0x08056498        0x0 /home/marko/Programming/QNX_SDP/qnx660/host/linux/x86/usr/lib/gcc/arm-unknown-nto-qnx6.6.0eabi/4.7.3//crtend.o
 .bss           0x08056498        0x0 /home/marko/Programming/QNX_SDP/qnx660/target/qnx6/armle-v7/lib/crtn.o
 *(COMMON)
 COMMON         0x08056498        0x4 sim_altera.o
                0x08056498                mmc_dma_in_prog
                0x0805649c                . = ALIGN ((. != 0x0)?0x4:0x1)
                0x0805649c                _bss_end__ = .
                0x0805649c                __bss_end__ = .
                0x0805649c                . = ALIGN (0x4)
                0x0805649c                . = SEGMENT_START ("ldata-segment", .)
                0x0805649c                . = ALIGN (0x4)
                0x0805649c                __end__ = .
                0x0805649c                _end = .
                0x0805649c                PROVIDE (end, .)
                0x0805649c                . = DATA_SEGMENT_END (.)

.stab
 *(.stab)

.stabstr
 *(.stabstr)

.stab.excl
 *(.stab.excl)

.stab.exclstr
 *(.stab.exclstr)

.stab.index
 *(.stab.index)

.stab.indexstr
 *(.stab.indexstr)

.comment        0x00000000       0x11
 *(.comment)
 .comment       0x00000000       0x11 /home/marko/Programming/QNX_SDP/qnx660/host/linux/x86/usr/lib/gcc/arm-unknown-nto-qnx6.6.0eabi/4.7.3//crtbegin.o
                                 0x12 (size before relaxing)
 .comment       0x00000000       0x12 mmcsd.o
 .comment       0x00000000       0x12 sim.o
 .comment       0x00000000       0x12 sim_altera.o
 .comment       0x00000000       0x12 sim_at91sam9g45.o
 .comment       0x00000000       0x12 sim_bs.o
 .comment       0x00000000       0x12 sim_dra446.o
 .comment       0x00000000       0x12 sim_esdhc.o
 .comment       0x00000000       0x12 sim_mmc.o
 .comment       0x00000000       0x12 sim_mmcif.o
 .comment       0x00000000       0x12 sim_mpc5125.o
 .comment       0x00000000       0x12 sim_mx31.o
 .comment       0x00000000       0x12 sim_mx35.o
 .comment       0x00000000       0x12 sim_omap3.o
 .comment       0x00000000       0x12 sim_omap4.o
 .comment       0x00000000       0x12 sim_sdhci.o
 .comment       0x00000000       0x12 sim_sta2x11.o
 .comment       0x00000000       0x12 /home/marko/Programming/QNX_SDP/qnx660/host/linux/x86/usr/lib/gcc/arm-unknown-nto-qnx6.6.0eabi/4.7.3//libgcc.a(bpabi.o)
 .comment       0x00000000       0x12 /home/marko/Programming/QNX_SDP/qnx660/host/linux/x86/usr/lib/gcc/arm-unknown-nto-qnx6.6.0eabi/4.7.3//libgcc.a(_divdi3.o)
 .comment       0x00000000       0x12 /home/marko/Programming/QNX_SDP/qnx660/host/linux/x86/usr/lib/gcc/arm-unknown-nto-qnx6.6.0eabi/4.7.3//libgcc.a(_udivdi3.o)
 .comment       0x00000000       0x12 /home/marko/Programming/QNX_SDP/qnx660/host/linux/x86/usr/lib/gcc/arm-unknown-nto-qnx6.6.0eabi/4.7.3//libgcc.a(unwind-arm.o)
 .comment       0x00000000       0x12 /home/marko/Programming/QNX_SDP/qnx660/host/linux/x86/usr/lib/gcc/arm-unknown-nto-qnx6.6.0eabi/4.7.3//libgcc.a(pr-support.o)
 .comment       0x00000000       0x12 /home/marko/Programming/QNX_SDP/qnx660/target/qnx6/armle-v7/lib/libc.a(hwi_next_tag.o)
 .comment       0x00000000       0x12 /home/marko/Programming/QNX_SDP/qnx660/host/linux/x86/usr/lib/gcc/arm-unknown-nto-qnx6.6.0eabi/4.7.3//crtend.o

.ARM.attributes
                0x00000000       0x2f
 .ARM.attributes
                0x00000000       0x1f /home/marko/Programming/QNX_SDP/qnx660/target/qnx6/armle-v7/lib/crt1.o
 .ARM.attributes
                0x0000001f       0x1f /home/marko/Programming/QNX_SDP/qnx660/target/qnx6/armle-v7/lib/crti.o
 .ARM.attributes
                0x0000003e       0x33 /home/marko/Programming/QNX_SDP/qnx660/host/linux/x86/usr/lib/gcc/arm-unknown-nto-qnx6.6.0eabi/4.7.3//crtbegin.o
 .ARM.attributes
                0x00000071       0x33 mmcsd.o
 .ARM.attributes
                0x000000a4       0x33 sim.o
 .ARM.attributes
                0x000000d7       0x33 sim_altera.o
 .ARM.attributes
                0x0000010a       0x33 sim_at91sam9g45.o
 .ARM.attributes
                0x0000013d       0x33 sim_bs.o
 .ARM.attributes
                0x00000170       0x33 sim_dra446.o
 .ARM.attributes
                0x000001a3       0x33 sim_esdhc.o
 .ARM.attributes
                0x000001d6       0x33 sim_mmc.o
 .ARM.attributes
                0x00000209       0x33 sim_mmcif.o
 .ARM.attributes
                0x0000023c       0x33 sim_mpc5125.o
 .ARM.attributes
                0x0000026f       0x33 sim_mx31.o
 .ARM.attributes
                0x000002a2       0x33 sim_mx35.o
 .ARM.attributes
                0x000002d5       0x33 sim_omap3.o
 .ARM.attributes
                0x00000308       0x33 sim_omap4.o
 .ARM.attributes
                0x0000033b       0x33 sim_sdhci.o
 .ARM.attributes
                0x0000036e       0x33 sim_sta2x11.o
 .ARM.attributes
                0x000003a1       0x21 /home/marko/Programming/QNX_SDP/qnx660/host/linux/x86/usr/lib/gcc/arm-unknown-nto-qnx6.6.0eabi/4.7.3//libgcc.a(_aeabi_uldivmod.o)
 .ARM.attributes
                0x000003c2       0x33 /home/marko/Programming/QNX_SDP/qnx660/host/linux/x86/usr/lib/gcc/arm-unknown-nto-qnx6.6.0eabi/4.7.3//libgcc.a(bpabi.o)
 .ARM.attributes
                0x000003f5       0x33 /home/marko/Programming/QNX_SDP/qnx660/host/linux/x86/usr/lib/gcc/arm-unknown-nto-qnx6.6.0eabi/4.7.3//libgcc.a(_divdi3.o)
 .ARM.attributes
                0x00000428       0x33 /home/marko/Programming/QNX_SDP/qnx660/host/linux/x86/usr/lib/gcc/arm-unknown-nto-qnx6.6.0eabi/4.7.3//libgcc.a(_udivdi3.o)
 .ARM.attributes
                0x0000045b       0x33 /home/marko/Programming/QNX_SDP/qnx660/host/linux/x86/usr/lib/gcc/arm-unknown-nto-qnx6.6.0eabi/4.7.3//libgcc.a(unwind-arm.o)
 .ARM.attributes
                0x0000048e       0x21 /home/marko/Programming/QNX_SDP/qnx660/host/linux/x86/usr/lib/gcc/arm-unknown-nto-qnx6.6.0eabi/4.7.3//libgcc.a(libunwind.o)
 .ARM.attributes
                0x000004af       0x33 /home/marko/Programming/QNX_SDP/qnx660/host/linux/x86/usr/lib/gcc/arm-unknown-nto-qnx6.6.0eabi/4.7.3//libgcc.a(pr-support.o)
 .ARM.attributes
                0x000004e2       0x33 /home/marko/Programming/QNX_SDP/qnx660/target/qnx6/armle-v7/lib/libc.a(hwi_next_tag.o)
 .ARM.attributes
                0x00000515       0x33 /home/marko/Programming/QNX_SDP/qnx660/host/linux/x86/usr/lib/gcc/arm-unknown-nto-qnx6.6.0eabi/4.7.3//crtend.o
 .ARM.attributes
                0x00000548       0x1f /home/marko/Programming/QNX_SDP/qnx660/target/qnx6/armle-v7/lib/crtn.o

.debug
 *(.debug)

.line
 *(.line)

.debug_srcinfo
 *(.debug_srcinfo)

.debug_sfnames
 *(.debug_sfnames)

.debug_aranges
 *(.debug_aranges)

.debug_pubnames
 *(.debug_pubnames)

.debug_info
 *(.debug_info .gnu.linkonce.wi.*)

.debug_abbrev
 *(.debug_abbrev)

.debug_line
 *(.debug_line .debug_line.* .debug_line_end)

.debug_frame
 *(.debug_frame)

.debug_str
 *(.debug_str)

.debug_loc
 *(.debug_loc)

.debug_macinfo
 *(.debug_macinfo)

.debug_weaknames
 *(.debug_weaknames)

.debug_funcnames
 *(.debug_funcnames)

.debug_typenames
 *(.debug_typenames)

.debug_varnames
 *(.debug_varnames)

.debug_pubtypes
 *(.debug_pubtypes)

.debug_ranges
 *(.debug_ranges)

.debug_macro
 *(.debug_macro)

.stack          0x00080000        0x0
                0x00080000                _stack = .
 *(.stack)

.gnu.attributes
 *(.gnu.attributes)

/DISCARD/
 *(.note.GNU-stack)
 *(.gnu_debuglink)
 *(.gnu.lto_*)
OUTPUT(/home/marko/Programming/QNX_SDP/ide-5.0-workspace/ti-am335x-beaglebone-SDP6.6/src/hardware/devb/mmcsd/arm/jacinto5.le.v7/devb-mmcsd-jacinto5 elf32-littlearm)
